[backblue.gif]
[fade.gif]
[index.html]
[hmsgradshowcase.np.edu.sg/ng-hms.theme/images/favicon-64x64.png]
[cdnjs.cloudflare.com/ajax/libs/lightgallery/1.6.11/css/lightgallery.min.css]
[hmsgradshowcase.np.edu.sg/Contents/Lists/42znewdpc2z8d3dexa4y0qb3nc/rss]
[hmsgradshowcase.np.edu.sg/media/heARTpeace1 copy481d.jpg]
[hmsgradshowcase.np.edu.sg/media/Snakes & Ladders 1 copy481d.jpg]
[hmsgradshowcase.np.edu.sg/media/Sungei Buloh Guessing Game 1481d.jpg]
[hmsgradshowcase.np.edu.sg/media/Anziano Cura 1 copy481d.jpg]
[hmsgradshowcase.np.edu.sg/media/Téte-a-Tech 1 copy481d.png]
[hmsgradshowcase.np.edu.sg/media/Screen Shot 2022-04-25 at 10.53.24481d.png]
[hmsgradshowcase.np.edu.sg/media/flka481d.jpg]
[hmsgradshowcase.np.edu.sg/media/blissful481d.jpg]
[hmsgradshowcase.np.edu.sg/media/ABM.png]
[hmsgradshowcase.np.edu.sg/media/BSE.png]
[hmsgradshowcase.np.edu.sg/media/CS.png]
[hmsgradshowcase.np.edu.sg/media/CMC.png]
[hmsgradshowcase.np.edu.sg/media/ECS.png]
[hmsgradshowcase.np.edu.sg/media/PS.png]
[hmsgradshowcase.np.edu.sg/media/AL.png]
[hmsgradshowcase.np.edu.sg/media/TLC.png]
[unpkg.com/ionicons@5.0.0/dist/ionicons.js]
[cdnjs.cloudflare.com/ajax/libs/jquery/3.4.1/jquery.min.js]
[cdnjs.cloudflare.com/ajax/libs/lightgallery/1.6.11/js/lightgallery-all.min.js]
[hmsgradshowcase.np.edu.sg/ng-hms.theme/src/js/app.js]
[cdn.jsdelivr.net/picturefill/2.3.1/picturefill.min.js]
[hmsgradshowcase.np.edu.sg/index.html]
[cdnjs.cloudflare.com/ajax/libs/jquery-mousewheel/3.1.13/jquery.mousewheel.min.js]
[hmsgradshowcase.np.edu.sg/ng-hms.theme/src/scss/index.b10d73a7.css]
[hmsgradshowcase.np.edu.sg/ng-hms.theme/src/scss/style.css]
[cdnjs.cloudflare.com/ajax/libs/lightgallery/1.6.11/img/vimeo-play.png]
[cdnjs.cloudflare.com/ajax/libs/lightgallery/1.6.11/img/video-play.png]
[cdnjs.cloudflare.com/ajax/libs/lightgallery/1.6.11/img/youtube-play.png]
[cdnjs.cloudflare.com/ajax/libs/lightgallery/1.6.11/css/lightgallery.min.css]
[hmsgradshowcase.np.edu.sg/ng-hms.theme/images/hms-logo_white.svg]
[hmsgradshowcase.np.edu.sg/ng-hms.theme/images/atom-wrapper.svg]
[hmsgradshowcase.np.edu.sg/ng-hms.theme/images/reimaging-text.svg]
[hmsgradshowcase.np.edu.sg/ng-hms.theme/images/cream.svg]
[cdnjs.cloudflare.com/ajax/libs/lightgallery/1.6.11/img/loading.gif]
[hmsgradshowcase.np.edu.sg/media/ABM.jpg]
[hmsgradshowcase.np.edu.sg/media/come-on-board6135.jpg]
[hmsgradshowcase.np.edu.sg/media/Home-Semangatkampong6135.jpg]
[hmsgradshowcase.np.edu.sg/media/Home-Beyond-Child6135.jpg]
[hmsgradshowcase.np.edu.sg/media/makan6135.png]
[hmsgradshowcase.np.edu.sg/diploma/arts-business-management.html]
[hmsgradshowcase.np.edu.sg/media/BSE.jpg]
[hmsgradshowcase.np.edu.sg/media/bbc6135.png]
[hmsgradshowcase.np.edu.sg/media/Dear Grams 1 copy26135.jpg]
[hmsgradshowcase.np.edu.sg/media/heARTpeace1 copy6135.jpg]
[hmsgradshowcase.np.edu.sg/media/Insight Out 3_c6135.jpg]
[hmsgradshowcase.np.edu.sg/diploma/business-social-enterprise.html]
[hmsgradshowcase.np.edu.sg/media/CS.jpg]
[hmsgradshowcase.np.edu.sg/media/blissful6135.jpg]
[hmsgradshowcase.np.edu.sg/media/magicaljourney6135.jpg]
[hmsgradshowcase.np.edu.sg/media/miao6135.jpg]
[hmsgradshowcase.np.edu.sg/media/flka6135.jpg]
[hmsgradshowcase.np.edu.sg/diploma/chinese-studies.html]
[hmsgradshowcase.np.edu.sg/media/CMC.jpg]
[hmsgradshowcase.np.edu.sg/media/Screen Shot 2022-04-25 at 10.53.246135.png]
[hmsgradshowcase.np.edu.sg/media/the-monthly-affair6135.png]
[hmsgradshowcase.np.edu.sg/media/wayangsters6135.png]
[hmsgradshowcase.np.edu.sg/media/hms-6135.png]
[hmsgradshowcase.np.edu.sg/diploma/chinese-media-communication.html]
[hmsgradshowcase.np.edu.sg/media/ECS Banner.jpg]
[hmsgradshowcase.np.edu.sg/media/zipper6135.png]
[hmsgradshowcase.np.edu.sg/media/puppet_cover6135.png]
[hmsgradshowcase.np.edu.sg/media/Sungei Buloh Guessing Game 16135.jpg]
[hmsgradshowcase.np.edu.sg/media/E-book 3cov6135.jpg]
[hmsgradshowcase.np.edu.sg/media/Mystery Box_cov6135.jpg]
[hmsgradshowcase.np.edu.sg/media/Snakes & Ladders 1 copy6135.jpg]
[hmsgradshowcase.np.edu.sg/media/Pull and Play_cov6135.jpg]
[hmsgradshowcase.np.edu.sg/media/Bowling Game 26135.jpg]
[hmsgradshowcase.np.edu.sg/diploma/early-childhood-development-education.html]
[hmsgradshowcase.np.edu.sg/media/PS.jpg]
[hmsgradshowcase.np.edu.sg/media/money-cover6135.png]
[hmsgradshowcase.np.edu.sg/media/loneliness26135.png]
[hmsgradshowcase.np.edu.sg/media/cancer6135.jpg]
[hmsgradshowcase.np.edu.sg/media/angermgmt6135.png]
[hmsgradshowcase.np.edu.sg/diploma/psychology-studies.html]
[hmsgradshowcase.np.edu.sg/media/AL Banner.jpg]
[hmsgradshowcase.np.edu.sg/diploma/adult-learning.html]
[hmsgradshowcase.np.edu.sg/media/TLC.jpg]
[hmsgradshowcase.np.edu.sg/media/hms_sf6135.png]
[hmsgradshowcase.np.edu.sg/media/hms_mine-becomes-yours6135.png]
[hmsgradshowcase.np.edu.sg/media/Téte-a-Tech 1 copy6135.png]
[hmsgradshowcase.np.edu.sg/media/Anziano Cura 1 copy6135.jpg]
[hmsgradshowcase.np.edu.sg/diploma/the-living-community.html]
[hmsgradshowcase.np.edu.sg/ng-hms.theme/images/orange-wave.svg]
[hmsgradshowcase.np.edu.sg/ng-hms.theme/images/footer-logo_white.svg]
[hmsgradshowcase.np.edu.sg/ng-hms.theme/src/scss/arrow.6d9f66a1.svg]
[hmsgradshowcase.np.edu.sg/ng-hms.theme/src/scss/circles.65812bf4.html]
[hmsgradshowcase.np.edu.sg/ng-hms.theme/src/scss/black-small.c93bef3e.html]
[hmsgradshowcase.np.edu.sg/media/ABM/1 Anna Naveen.jpg]
[hmsgradshowcase.np.edu.sg/media/ABM/2 Ashley Maddala Shi Hui.jpg]
[hmsgradshowcase.np.edu.sg/media/ABM/3 Charlene Lim Zhi Rou.jpg]
[hmsgradshowcase.np.edu.sg/media/ABM/4 Charmaine Tan Sze Min.jpg]
[hmsgradshowcase.np.edu.sg/media/ABM/5 Chew Kah Yin Jolene.jpg]
[hmsgradshowcase.np.edu.sg/media/ABM/6 Chua Lok Shuen Zelda.jpg]
[hmsgradshowcase.np.edu.sg/media/ABM/7 Clare Marissa Kai Xuan Joseph.jpg]
[hmsgradshowcase.np.edu.sg/media/ABM/8 D'Nurul Amirah Binte D'Effendy.jpg]
[hmsgradshowcase.np.edu.sg/media/ABM/9 Ellyn Goh Yee Teng.jpg]
[hmsgradshowcase.np.edu.sg/media/ABM/10 Hon Xin Yi Winnie.jpg]
[hmsgradshowcase.np.edu.sg/media/ABM/11 Irish Cy Eryn Simbulan Alcantara.jpg]
[hmsgradshowcase.np.edu.sg/media/ABM/12 Izzah Khairina Bte K.jpg]
[hmsgradshowcase.np.edu.sg/media/ABM/13 Jade Ngoh Yi Xuan.jpg]
[hmsgradshowcase.np.edu.sg/media/ABM/14 Jade Wong Cheng Mun.jpg]
[hmsgradshowcase.np.edu.sg/media/ABM/15 Jane Marcelline Aidya Jeffrey.jpg]
[hmsgradshowcase.np.edu.sg/media/ABM/16 Jewel Khoo Li Ren.jpg]
[hmsgradshowcase.np.edu.sg/media/ABM/17 Law Jing Yi, Genevieve.jpg]
[hmsgradshowcase.np.edu.sg/media/ABM/18 Lee Moon Qin Jenise.jpg]
[hmsgradshowcase.np.edu.sg/media/ABM/19 Lee Zhi Hui, Maevis.jpg]
[hmsgradshowcase.np.edu.sg/media/ABM/20 Lim Li Jun.jpg]
[hmsgradshowcase.np.edu.sg/media/ABM/21 Loh Yi Teng Ashley.jpg]
[hmsgradshowcase.np.edu.sg/media/ABM/22 Malbas Kasey Soh.jpg]
[hmsgradshowcase.np.edu.sg/media/ABM/23 Megan Low Yan Ling.jpg]
[hmsgradshowcase.np.edu.sg/media/ABM/24 Muhammad Nur Qayyum Bin Muhd Lukman.jpg]
[hmsgradshowcase.np.edu.sg/media/ABM/25 Natrisha Kaur.jpg]
[hmsgradshowcase.np.edu.sg/media/ABM/26 Nicole Tandjung Jia Ling.jpg]
[hmsgradshowcase.np.edu.sg/media/ABM/27 Phyllis Lim Jia Yun.jpg]
[hmsgradshowcase.np.edu.sg/media/ABM/28 Poh Han Yi.jpg]
[hmsgradshowcase.np.edu.sg/media/ABM/29 Sabirah Bte Mohd Ishak.jpg]
[hmsgradshowcase.np.edu.sg/media/ABM/30 Sean Goh Jun Wei.jpg]
[hmsgradshowcase.np.edu.sg/media/ABM/31 Soh Chihiro.jpg]
[hmsgradshowcase.np.edu.sg/media/ABM/32 Soo Hwee En.jpg]
[hmsgradshowcase.np.edu.sg/media/ABM/34 Tan Yi Jing.jpg]
[hmsgradshowcase.np.edu.sg/media/ABM/35 Tay Jie Ying Clare.jpg]
[hmsgradshowcase.np.edu.sg/media/ABM/36 Toh Xuan Rou Crystal.jpg]
[hmsgradshowcase.np.edu.sg/media/ABM/37 Tong Jess Ning.jpg]
[hmsgradshowcase.np.edu.sg/media/ABM/38 Valerie Low Jia Qi.jpg]
[hmsgradshowcase.np.edu.sg/media/ABM/39 Wu Si Yi, Renee.jpg]
[hmsgradshowcase.np.edu.sg/media/ABM/40 Yeow Jing Yi Eunice.jpg]
[hmsgradshowcase.np.edu.sg/media/ABM/41 Zoey Ching Ziyi.jpg]
[hmsgradshowcase.np.edu.sg/arts-business-management-graduates.html]
[hmsgradshowcase.np.edu.sg/media/come-on-board.jpg]
[hmsgradshowcase.np.edu.sg/media/zoey.jpg]
[hmsgradshowcase.np.edu.sg/media/soh.jpg]
[hmsgradshowcase.np.edu.sg/media/natrisha.jpg]
[hmsgradshowcase.np.edu.sg/media/valerie.jpg]
[hmsgradshowcase.np.edu.sg/project/come-on-board-journey-of-singapore-s-commute.html]
[hmsgradshowcase.np.edu.sg/media/Home-Semangatkampong.jpg]
[hmsgradshowcase.np.edu.sg/media/jenise.jpg]
[hmsgradshowcase.np.edu.sg/media/16 Jewel Khoo_Li Ren.png]
[hmsgradshowcase.np.edu.sg/media/ellyn.jpg]
[hmsgradshowcase.np.edu.sg/media/qayyum (1).jpg]
[hmsgradshowcase.np.edu.sg/media/jolene.jpg]
[hmsgradshowcase.np.edu.sg/project/semangat-kampong.html]
[hmsgradshowcase.np.edu.sg/media/Home-Beyond-Child.jpg]
[hmsgradshowcase.np.edu.sg/media/tong.jpg]
[hmsgradshowcase.np.edu.sg/media/ashley.jpg]
[hmsgradshowcase.np.edu.sg/media/irishg.jpg]
[hmsgradshowcase.np.edu.sg/media/charmain.jpg]
[hmsgradshowcase.np.edu.sg/project/beyond-child-s-play.html]
[hmsgradshowcase.np.edu.sg/media/makan.png]
[hmsgradshowcase.np.edu.sg/media/jade.jpg]
[hmsgradshowcase.np.edu.sg/media/anna.jpg]
[hmsgradshowcase.np.edu.sg/media/nurul.jpg]
[hmsgradshowcase.np.edu.sg/media/nicole2.jpg]
[hmsgradshowcase.np.edu.sg/project/let-s-makan.html]
[hmsgradshowcase.np.edu.sg/media/BZSE/1 A Rishikumar.jpg]
[hmsgradshowcase.np.edu.sg/media/BZSE/2 Adriel Fernandez.jpg]
[hmsgradshowcase.np.edu.sg/media/BZSE/3 Aleinmar Bo Bo.jpg]
[hmsgradshowcase.np.edu.sg/media/BZSE/4 Chan Ping Xuan.jpg]
[hmsgradshowcase.np.edu.sg/media/BZSE/5 Charmaine Yeo Wen Xuan.jpg]
[hmsgradshowcase.np.edu.sg/media/BZSE/6 Chen Yan Ying Carissa.jpg]
[hmsgradshowcase.np.edu.sg/media/BZSE/7 Chiow Si Ern Livia.jpg]
[hmsgradshowcase.np.edu.sg/media/BZSE/8 Dominic Chang Yonghao.jpg]
[hmsgradshowcase.np.edu.sg/media/BZSE/9 Dylon Lau Jian Rong.jpg]
[hmsgradshowcase.np.edu.sg/media/BZSE/10 Felicia Goh Yi Xuan.jpg]
[hmsgradshowcase.np.edu.sg/media/BZSE/11 Goh Er Si, Clarissa.jpg]
[hmsgradshowcase.np.edu.sg/media/BZSE/12 Gwyneth Tey Chen Yu.jpg]
[hmsgradshowcase.np.edu.sg/media/BZSE/14 Ho Min Yi.jpg]
[hmsgradshowcase.np.edu.sg/media/BZSE/15 Irshad Rizwanah DO Shaik Fareed.jpg]
[hmsgradshowcase.np.edu.sg/media/BZSE/16 Isabella Betrisya Alif-Wong.jpg]
[hmsgradshowcase.np.edu.sg/media/BZSE/17 Jadyn Lim.jpg]
[hmsgradshowcase.np.edu.sg/media/BZSE/18 Jaleel Khan Sabry Bilal.jpg]
[hmsgradshowcase.np.edu.sg/media/BZSE/19 Jamie Tan Shiyun.jpg]
[hmsgradshowcase.np.edu.sg/media/BZSE/20 Jeslina Angel DO Arudas.jpg]
[hmsgradshowcase.np.edu.sg/media/BZSE/22 Kang Yue Tong.jpg]
[hmsgradshowcase.np.edu.sg/media/BZSE/23 Koh Yawen, Jerilyn.jpg]
[hmsgradshowcase.np.edu.sg/media/BZSE/24 Koo Wai Ying.jpg]
[hmsgradshowcase.np.edu.sg/media/BZSE/25 Lee Hui Ping.jpg]
[hmsgradshowcase.np.edu.sg/media/BZSE/26 Lee Jun Chen.jpg]
[hmsgradshowcase.np.edu.sg/media/BZSE/27 Lee Zeqi.jpg]
[hmsgradshowcase.np.edu.sg/media/BZSE/28 Liew Shi Ying.jpg]
[hmsgradshowcase.np.edu.sg/media/BZSE/29 Lim Jiaan.jpg]
[hmsgradshowcase.np.edu.sg/media/BZSE/30 Lim You Jun.jpg]
[hmsgradshowcase.np.edu.sg/media/BZSE/31 Loh Hui Zhen.jpg]
[hmsgradshowcase.np.edu.sg/media/BZSE/32 Loh Jae Yee.jpg]
[hmsgradshowcase.np.edu.sg/media/BZSE/33 Matthew Chai.jpg]
[hmsgradshowcase.np.edu.sg/media/BZSE/34 Nabilla Syafiqah Binte Asadar.jpg]
[hmsgradshowcase.np.edu.sg/media/BZSE/35 Ng Zhi Yi.jpg]
[hmsgradshowcase.np.edu.sg/media/BZSE/36 Noor Suzianah Binte Muhammad.jpg]
[hmsgradshowcase.np.edu.sg/media/BZSE/37 Nur Marfirra Bte Mohamed A.jpg]
[hmsgradshowcase.np.edu.sg/media/BZSE/38 Ong Mei Chun.jpg]
[hmsgradshowcase.np.edu.sg/media/BZSE/39 Quek Chin Ming Gabriel.jpg]
[hmsgradshowcase.np.edu.sg/media/BZSE/40 Sum Kah Kei Stephanie.jpg]
[hmsgradshowcase.np.edu.sg/media/BZSE/41 Tam Chi Hui.jpg]
[hmsgradshowcase.np.edu.sg/media/BZSE/42 Tay Sze Shann.jpg]
[hmsgradshowcase.np.edu.sg/media/BZSE/43 Tee Hwei Xin.jpg]
[hmsgradshowcase.np.edu.sg/media/BZSE/44 Toh Pei Ling.jpg]
[hmsgradshowcase.np.edu.sg/media/BZSE/45 Wang Jia Lin.jpg]
[hmsgradshowcase.np.edu.sg/media/BZSE/46 Zenn Choong Ee Ing.jpg]
[hmsgradshowcase.np.edu.sg/business-social-enterprise-graduates.html]
[hmsgradshowcase.np.edu.sg/media/bbc.png]
[hmsgradshowcase.np.edu.sg/media/kang.jpg]
[hmsgradshowcase.np.edu.sg/media/you.jpg]
[hmsgradshowcase.np.edu.sg/media/noor.jpg]
[hmsgradshowcase.np.edu.sg/media/carissa.jpg]
[hmsgradshowcase.np.edu.sg/media/jerilyn.jpg]
[hmsgradshowcase.np.edu.sg/media/Bread Brokers 1.png]
[hmsgradshowcase.np.edu.sg/media/Bread Brokers 3.jpg]
[hmsgradshowcase.np.edu.sg/media/Bread Brokers 4.jpg]
[hmsgradshowcase.np.edu.sg/media/Bread Brokers 6.jpg]
[hmsgradshowcase.np.edu.sg/media/Bread Brokers 5.jpg]
[hmsgradshowcase.np.edu.sg/media/Bread Brokers 2.jpg]
[hmsgradshowcase.np.edu.sg/project/bread-brokers.html]
[hmsgradshowcase.np.edu.sg/media/Dear Grams 1 copy2.jpg]
[hmsgradshowcase.np.edu.sg/media/zenn.jpg]
[hmsgradshowcase.np.edu.sg/media/wai.jpg]
[hmsgradshowcase.np.edu.sg/media/felicia.jpg]
[hmsgradshowcase.np.edu.sg/media/clarissa.jpg]
[hmsgradshowcase.np.edu.sg/media/irshad.jpg]
[hmsgradshowcase.np.edu.sg/media/Dear Grams 1.png]
[hmsgradshowcase.np.edu.sg/media/Dear Grams 5.png]
[hmsgradshowcase.np.edu.sg/media/Dear Grams 3.jpg]
[hmsgradshowcase.np.edu.sg/media/Dear Grams 4.jpg]
[hmsgradshowcase.np.edu.sg/media/Dear Grams 2.jpg]
[hmsgradshowcase.np.edu.sg/project/deargrams.html]
[hmsgradshowcase.np.edu.sg/media/heARTpeace1 copy.jpg]
[hmsgradshowcase.np.edu.sg/media/jamie2.jpg]
[hmsgradshowcase.np.edu.sg/media/gwyneth.jpg]
[hmsgradshowcase.np.edu.sg/media/jae.jpg]
[hmsgradshowcase.np.edu.sg/media/leehui.jpg]
[hmsgradshowcase.np.edu.sg/media/jadyn.jpg]
[hmsgradshowcase.np.edu.sg/media/heARTpeace1.jpg]
[hmsgradshowcase.np.edu.sg/media/heARTpeace2.jpg]
[hmsgradshowcase.np.edu.sg/media/heARTpeace3.jpg]
[hmsgradshowcase.np.edu.sg/media/heARTpeace5.jpg]
[hmsgradshowcase.np.edu.sg/media/heARTpeace4.jpg]
[hmsgradshowcase.np.edu.sg/project/heartpeace.html]
[hmsgradshowcase.np.edu.sg/media/Insight Out 3_c.jpg]
[hmsgradshowcase.np.edu.sg/media/ng.jpg]
[hmsgradshowcase.np.edu.sg/media/loh.jpg]
[hmsgradshowcase.np.edu.sg/media/ong.jpg]
[hmsgradshowcase.np.edu.sg/media/tam.jpg]
[hmsgradshowcase.np.edu.sg/media/hwei.jpg]
[hmsgradshowcase.np.edu.sg/media/Insight Out 7.jpg]
[hmsgradshowcase.np.edu.sg/media/Insight Out 4.jpg]
[hmsgradshowcase.np.edu.sg/media/Insight Out 5.jpg]
[hmsgradshowcase.np.edu.sg/media/Insight Out 3.jpg]
[hmsgradshowcase.np.edu.sg/media/Insight Out 6.jpg]
[hmsgradshowcase.np.edu.sg/media/Insight Out1.jpg]
[hmsgradshowcase.np.edu.sg/project/insight-out.html]
[hmsgradshowcase.np.edu.sg/media/CHS/1 Britney Ong Qi Wen.jpg]
[hmsgradshowcase.np.edu.sg/media/CHS/2 Cassandra Lim Sin Yee.jpg]
[hmsgradshowcase.np.edu.sg/media/CHS/3 Ch'Ng Hui Qing.jpg]
[hmsgradshowcase.np.edu.sg/media/CHS/4 Charmaine Grace Ang.jpg]
[hmsgradshowcase.np.edu.sg/media/CHS/5 Chiew Wen Hui.jpg]
[hmsgradshowcase.np.edu.sg/media/CHS/6 Chin Jia Wen.jpg]
[hmsgradshowcase.np.edu.sg/media/CHS/7 Chong Bei Zhen.jpg]
[hmsgradshowcase.np.edu.sg/media/CHS/8 Chow Ling Er.jpg]
[hmsgradshowcase.np.edu.sg/media/CHS/9 Chua Jing Qian, Chloe.jpg]
[hmsgradshowcase.np.edu.sg/media/CHS/10 Clifton Sim Sin Yue.jpg]
[hmsgradshowcase.np.edu.sg/media/CHS/11 Dorcas Tan Zhi En.jpg]
[hmsgradshowcase.np.edu.sg/media/CHS/12 Ei Zhe Qi.jpg]
[hmsgradshowcase.np.edu.sg/media/CHS/13 Fu Meijo.jpg]
[hmsgradshowcase.np.edu.sg/media/CHS/14 Fu Xin Yi.jpg]
[hmsgradshowcase.np.edu.sg/media/CHS/15 Goh Yan Hui, Jamie.jpg]
[hmsgradshowcase.np.edu.sg/media/CHS/16 Ho Rongfei.jpg]
[hmsgradshowcase.np.edu.sg/media/CHS/17 Huang Huibing.jpg]
[hmsgradshowcase.np.edu.sg/media/CHS/18 Jin Xinyu.jpg]
[hmsgradshowcase.np.edu.sg/media/CHS/19 Lee Hui Xin.jpg]
[hmsgradshowcase.np.edu.sg/media/CHS/20 Lee Zhi Qing.jpg]
[hmsgradshowcase.np.edu.sg/media/CHS/21 Lew Yi Wei.jpg]
[hmsgradshowcase.np.edu.sg/media/CHS/22 Li Huie.jpg]
[hmsgradshowcase.np.edu.sg/media/CHS/23 Li Jieyu.jpg]
[hmsgradshowcase.np.edu.sg/media/CHS/24 Li Shuhan.jpg]
[hmsgradshowcase.np.edu.sg/media/CHS/25 Li Yi Tong.jpg]
[hmsgradshowcase.np.edu.sg/media/CHS/26 Lim Qian Yu.jpg]
[hmsgradshowcase.np.edu.sg/media/CHS/27 Lim Wan Qi.jpg]
[hmsgradshowcase.np.edu.sg/media/CHS/28 Lim Wen Xing.jpg]
[hmsgradshowcase.np.edu.sg/media/CHS/29 Lim Yi Hui Ranice.jpg]
[hmsgradshowcase.np.edu.sg/media/CHS/30 Lin Xiu Li.jpg]
[hmsgradshowcase.np.edu.sg/media/CHS/31 Low Jasmine.jpg]
[hmsgradshowcase.np.edu.sg/media/CHS/32 Low Jing.jpg]
[hmsgradshowcase.np.edu.sg/media/CHS/33 Lu En Yu.jpg]
[hmsgradshowcase.np.edu.sg/media/CHS/34 Lu Zhenzhen.jpg]
[hmsgradshowcase.np.edu.sg/media/CHS/35 Ng Lin Hui.jpg]
[hmsgradshowcase.np.edu.sg/media/CHS/37 Ng Xin Yi.jpg]
[hmsgradshowcase.np.edu.sg/media/CHS/38 Ong Bei Er Peggy.jpg]
[hmsgradshowcase.np.edu.sg/media/CHS/39 Ong Jun Yu Felicia.jpg]
[hmsgradshowcase.np.edu.sg/media/CHS/40 Pang Wen Jing.jpg]
[hmsgradshowcase.np.edu.sg/media/CHS/41 Peh Shi Qi.jpg]
[hmsgradshowcase.np.edu.sg/media/CHS/42 Sng Wei Lin Gilest.jpg]
[hmsgradshowcase.np.edu.sg/media/CHS/43 Tan Him Yi.jpg]
[hmsgradshowcase.np.edu.sg/media/CHS/44 Tan Hui Jun Eleanor.jpg]
[hmsgradshowcase.np.edu.sg/media/CHS/45 Tan Hui Yan.jpg]
[hmsgradshowcase.np.edu.sg/media/CHS/46 Tan Shi Bing.jpg]
[hmsgradshowcase.np.edu.sg/media/CHS/48 Tan Yu Yun Timmy.jpg]
[hmsgradshowcase.np.edu.sg/media/CHS/49 Tang Siyi.jpg]
[hmsgradshowcase.np.edu.sg/media/CHS/50 Tay Jing Hui.jpg]
[hmsgradshowcase.np.edu.sg/media/CHS/51 Tee Jing Wen.jpg]
[hmsgradshowcase.np.edu.sg/media/CHS/52 Teng Chen Yen.jpg]
[hmsgradshowcase.np.edu.sg/media/CHS/53 Thye Yu Xuan.jpg]
[hmsgradshowcase.np.edu.sg/media/CHS/54 Tiang Tze Ling.jpg]
[hmsgradshowcase.np.edu.sg/media/CHS/55 Toh Min Ni.jpg]
[hmsgradshowcase.np.edu.sg/media/CHS/56 Venus Siao Jiah Ernn.jpg]
[hmsgradshowcase.np.edu.sg/media/CHS/57 Wang Jin.jpg]
[hmsgradshowcase.np.edu.sg/media/CHS/58 Wong Siok Ling.jpg]
[hmsgradshowcase.np.edu.sg/media/CHS/59 Wu Weiting.jpg]
[hmsgradshowcase.np.edu.sg/media/CHS/60 Xu Hanzhe.jpg]
[hmsgradshowcase.np.edu.sg/media/CHS/61 Yu Shermin.jpg]
[hmsgradshowcase.np.edu.sg/media/CHS/62 Zhao Yunluan.jpg]
[hmsgradshowcase.np.edu.sg/chinese-studies-graduates.html]
[hmsgradshowcase.np.edu.sg/media/blissful.jpg]
[hmsgradshowcase.np.edu.sg/media/BeiZhen.jpg]
[hmsgradshowcase.np.edu.sg/media/34 Lu Zhenzhen.jpg]
[hmsgradshowcase.np.edu.sg/media/nicole.jpg]
[hmsgradshowcase.np.edu.sg/media/jinghui.jpg]
[hmsgradshowcase.np.edu.sg/media/venus.jpg]
[hmsgradshowcase.np.edu.sg/project/blissful-harmony-中囍合璧-商务专业.html]
[hmsgradshowcase.np.edu.sg/media/magicaljourney.jpg]
[hmsgradshowcase.np.edu.sg/media/teejing.jpg]
[hmsgradshowcase.np.edu.sg/media/timmy.jpg]
[hmsgradshowcase.np.edu.sg/media/53 Thye Yu Xuan.jpg]
[hmsgradshowcase.np.edu.sg/media/fuxin.jpg]
[hmsgradshowcase.np.edu.sg/media/1 Britney Ong Qi Wen.jpg]
[hmsgradshowcase.np.edu.sg/project/a-magical-journey-bc-track-蘑法之旅-教育专业.html]
[hmsgradshowcase.np.edu.sg/media/miao.jpg]
[hmsgradshowcase.np.edu.sg/media/jamie.jpg]
[hmsgradshowcase.np.edu.sg/media/lishuhan.jpg]
[hmsgradshowcase.np.edu.sg/media/limwen.jpg]
[hmsgradshowcase.np.edu.sg/media/tanhui.jpg]
[hmsgradshowcase.np.edu.sg/media/49 Tang Siyi.jpg]
[hmsgradshowcase.np.edu.sg/project/the-culture-of-miao-tribe-bc-track-苗笔生花-商务专业.html]
[hmsgradshowcase.np.edu.sg/media/flka.jpg]
[hmsgradshowcase.np.edu.sg/media/lim.jpg]
[hmsgradshowcase.np.edu.sg/media/ang.jpg]
[hmsgradshowcase.np.edu.sg/media/zhe.jpg]
[hmsgradshowcase.np.edu.sg/media/lim3.jpg]
[hmsgradshowcase.np.edu.sg/media/jiq.jpg]
[hmsgradshowcase.np.edu.sg/project/when-we-are-together-cect-track-当我们童在一起-幼教专业.html]
[hmsgradshowcase.np.edu.sg/media/CMC/1 Ang Wei Yu.jpg]
[hmsgradshowcase.np.edu.sg/media/CMC/2 Carmen Tan.jpg]
[hmsgradshowcase.np.edu.sg/media/CMC/3 Chan Xin Yi.jpg]
[hmsgradshowcase.np.edu.sg/media/CMC/4 Cheah Bin.jpg]
[hmsgradshowcase.np.edu.sg/media/CMC/5 Cheng San Hui, Asta.jpg]
[hmsgradshowcase.np.edu.sg/media/CMC/6 Cherlene Lee Xiu En.jpg]
[hmsgradshowcase.np.edu.sg/media/CMC/7 Chong Hui Shi.jpg]
[hmsgradshowcase.np.edu.sg/media/CMC/8 Foo Tze Qin Sandrea.jpg]
[hmsgradshowcase.np.edu.sg/media/CMC/9 Gan Pei Yun.jpg]
[hmsgradshowcase.np.edu.sg/media/CMC/10 Glenda Goh.jpg]
[hmsgradshowcase.np.edu.sg/media/CMC/11 Jennifer Lim See Shee.jpg]
[hmsgradshowcase.np.edu.sg/media/CMC/12 Jessica Chong Jing Yan.jpg]
[hmsgradshowcase.np.edu.sg/media/CMC/13 Kee Zhong Wee.jpg]
[hmsgradshowcase.np.edu.sg/media/CMC/14 Keith Loh Wenjun.jpg]
[hmsgradshowcase.np.edu.sg/media/CMC/15 Koh Li En Hannath.jpg]
[hmsgradshowcase.np.edu.sg/media/CMC/16 Kong Jie Qi.jpg]
[hmsgradshowcase.np.edu.sg/media/CMC/17 Lee Jiajun.jpg]
[hmsgradshowcase.np.edu.sg/media/CMC/18 Lee Yee Lin, Alice.jpg]
[hmsgradshowcase.np.edu.sg/media/CMC/19 Loo Hui En.jpg]
[hmsgradshowcase.np.edu.sg/media/CMC/20 Megan Chew.jpg]
[hmsgradshowcase.np.edu.sg/media/CMC/21 Miyuki Wong Yun Xin.jpg]
[hmsgradshowcase.np.edu.sg/media/CMC/22 Ng Darrel.jpg]
[hmsgradshowcase.np.edu.sg/media/CMC/23 Ng Ke Li.jpg]
[hmsgradshowcase.np.edu.sg/media/CMC/24 Ong Ke Yee.jpg]
[hmsgradshowcase.np.edu.sg/media/CMC/25 Ong Meng Waye.jpg]
[hmsgradshowcase.np.edu.sg/media/CMC/26 Ong Yuan Ying.jpg]
[hmsgradshowcase.np.edu.sg/media/CMC/27 Pey Shu Hui.jpg]
[hmsgradshowcase.np.edu.sg/media/CMC/28 Tee Shing Lei, Mikyle.jpg]
[hmsgradshowcase.np.edu.sg/media/CMC/29 Teo Wei Qing.jpg]
[hmsgradshowcase.np.edu.sg/media/CMC/30 Tuea Rui Zhi.jpg]
[hmsgradshowcase.np.edu.sg/media/CMC/31 Yap Jing Hui.jpg]
[hmsgradshowcase.np.edu.sg/media/CMC/32 Yar Jing Ying.jpg]
[hmsgradshowcase.np.edu.sg/media/CMC/33 Zhao Enhui.jpg]
[hmsgradshowcase.np.edu.sg/chinese-media-communication-graduates.html]
[hmsgradshowcase.np.edu.sg/media/Screen Shot 2022-04-25 at 10.53.24.png]
[hmsgradshowcase.np.edu.sg/media/YAP.jpg]
[hmsgradshowcase.np.edu.sg/media/yar.jpg]
[hmsgradshowcase.np.edu.sg/media/foo.jpg]
[hmsgradshowcase.np.edu.sg/media/ong2.jpg]
[hmsgradshowcase.np.edu.sg/project/love-nature.html]
[hmsgradshowcase.np.edu.sg/media/the-monthly-affair.png]
[hmsgradshowcase.np.edu.sg/media/ngke.jpg]
[hmsgradshowcase.np.edu.sg/media/wei.jpg]
[hmsgradshowcase.np.edu.sg/media/alice.jpg]
[hmsgradshowcase.np.edu.sg/media/ongmeng.jpg]
[hmsgradshowcase.np.edu.sg/project/the-monthly-affair.html]
[hmsgradshowcase.np.edu.sg/media/wayangsters.png]
[hmsgradshowcase.np.edu.sg/media/zomg.jpg]
[hmsgradshowcase.np.edu.sg/media/asta.jpg]
[hmsgradshowcase.np.edu.sg/media/22 NG DARREL.jpg]
[hmsgradshowcase.np.edu.sg/media/27 PEY SHU HUI.jpg]
[hmsgradshowcase.np.edu.sg/project/wayangsters.html]
[hmsgradshowcase.np.edu.sg/media/hms-.png]
[hmsgradshowcase.np.edu.sg/media/3 Chan Xin Yi.jpg]
[hmsgradshowcase.np.edu.sg/media/4 Cheah Bin.jpg]
[hmsgradshowcase.np.edu.sg/media/gan.jpg]
[hmsgradshowcase.np.edu.sg/media/jeiqi.jpg]
[hmsgradshowcase.np.edu.sg/media/megan.jpg]
[hmsgradshowcase.np.edu.sg/project/dear-me.html]
[hmsgradshowcase.np.edu.sg/media/ECDE/1 ABIGAIL TEO.jpg]
[hmsgradshowcase.np.edu.sg/media/ECDE/2 AILEEN CHUA JIA YI.jpg]
[hmsgradshowcase.np.edu.sg/media/ECDE/3 AILEEN GOH.jpg]
[hmsgradshowcase.np.edu.sg/media/ECDE/4 AISYAH BTE KAMAL.jpg]
[hmsgradshowcase.np.edu.sg/media/ECDE/5 AISYAH BTE SULAIMAN.jpg]
[hmsgradshowcase.np.edu.sg/media/ECDE/6 ALEEYAH SHAHEEDAH BT MD YUSUF.jpg]
[hmsgradshowcase.np.edu.sg/media/ECDE/7 ALETHEA CHUA.jpg]
[hmsgradshowcase.np.edu.sg/media/ECDE/8 ALICIA KOH HUI YI.jpg]
[hmsgradshowcase.np.edu.sg/media/ECDE/9 ALICIA TAN YI LIN.jpg]
[hmsgradshowcase.np.edu.sg/media/ECDE/10 ALISON TAN JIA EN.jpg]
[hmsgradshowcase.np.edu.sg/media/ECDE/11 ALPHINA TOH WEN XIN.jpg]
[hmsgradshowcase.np.edu.sg/media/ECDE/12 ALVAN ANG CHER SZE.jpg]
[hmsgradshowcase.np.edu.sg/media/ECDE/13 ALYA SUFIA BTE RIDWAN.jpg]
[hmsgradshowcase.np.edu.sg/media/ECDE/14 ALYCIA LIM JIA MIN.jpg]
[hmsgradshowcase.np.edu.sg/media/ECDE/16 ALYSON LEE JIA EN.jpg]
[hmsgradshowcase.np.edu.sg/media/ECDE/17 AMABEL TOH YIN XUAN.jpg]
[hmsgradshowcase.np.edu.sg/media/ECDE/18 AMELIA TAN PEI YI.jpg]
[hmsgradshowcase.np.edu.sg/media/ECDE/19 AMRITHA JAYA ANAND.jpg]
[hmsgradshowcase.np.edu.sg/media/ECDE/20 AMY THERESA-MARIE CHOWDHURIE.jpg]
[hmsgradshowcase.np.edu.sg/media/ECDE/21 ANASTASIA NG.jpg]
[hmsgradshowcase.np.edu.sg/media/ECDE/22 ANDI HANI YASMIN BINTI MOHD YUSOF.jpg]
[hmsgradshowcase.np.edu.sg/media/ECDE/23 ANG HUI TING.jpg]
[hmsgradshowcase.np.edu.sg/media/ECDE/24 ANG JIA SUI PAULINE.jpg]
[hmsgradshowcase.np.edu.sg/media/ECDE/25 ANG JUN LING CHELSIA.jpg]
[hmsgradshowcase.np.edu.sg/media/ECDE/27 Angel Lim.jpg]
[hmsgradshowcase.np.edu.sg/media/ECDE/28 ANGELINA MARISSA MICHAEL.jpg]
[hmsgradshowcase.np.edu.sg/media/ECDE/29 ANGGUN NABILAH BTE MOHAMMAD FIRUS.jpg]
[hmsgradshowcase.np.edu.sg/media/ECDE/30 ANGIE LIM YAN SHAN.jpg]
[hmsgradshowcase.np.edu.sg/media/ECDE/31 ANISA JUMALI.jpg]
[hmsgradshowcase.np.edu.sg/media/ECDE/32 ANISAH BTE ISMAIL.jpg]
[hmsgradshowcase.np.edu.sg/media/ECDE/34 ANNE MEENAKSHI RAJENDRAN.jpg]
[hmsgradshowcase.np.edu.sg/media/ECDE/35 ARIEL LOW XIN YU.jpg]
[hmsgradshowcase.np.edu.sg/media/ECDE/36 ARISTA EVANGELINE LAW XIANG TING.jpg]
[hmsgradshowcase.np.edu.sg/media/ECDE/37 ASHLEY CHOW.jpg]
[hmsgradshowcase.np.edu.sg/media/ECDE/38 ASHLEY KHONG YU LENG.jpg]
[hmsgradshowcase.np.edu.sg/media/ECDE/39 ASHLEY KUAK YU XUN.jpg]
[hmsgradshowcase.np.edu.sg/media/ECDE/40 BAHIYAA BINTE BASHEER AHAMED.jpg]
[hmsgradshowcase.np.edu.sg/media/ECDE/41 BANDHANAPREET KAUR DO P S.jpg]
[hmsgradshowcase.np.edu.sg/media/ECDE/43 BRONWYN IMOGEN MCINTYRE.jpg]
[hmsgradshowcase.np.edu.sg/media/ECDE/44 CAREN MOK KAIJUN.jpg]
[hmsgradshowcase.np.edu.sg/media/ECDE/45 CARISSA LEONG ZHI LIN.jpg]
[hmsgradshowcase.np.edu.sg/media/ECDE/46 CASSANDRA TAN JIAXUAN.jpg]
[hmsgradshowcase.np.edu.sg/media/ECDE/48 CHAN SZE HUEI.jpg]
[hmsgradshowcase.np.edu.sg/media/ECDE/49 CHAN WAN RU CHARIL.jpg]
[hmsgradshowcase.np.edu.sg/media/ECDE/50 CHAN XIN RU MEGAN.jpg]
[hmsgradshowcase.np.edu.sg/media/ECDE/52 CHANG QI HUI.jpg]
[hmsgradshowcase.np.edu.sg/media/ECDE/53 CHARIS NEO YU YUN.jpg]
[hmsgradshowcase.np.edu.sg/media/ECDE/54 CHARLENE TAN SHI YING.jpg]
[hmsgradshowcase.np.edu.sg/media/ECDE/55 CHARMAINE CHIAM ZILING.jpg]
[hmsgradshowcase.np.edu.sg/media/ECDE/57 CHEN EN XIN, PHOEBE.jpg]
[hmsgradshowcase.np.edu.sg/media/ECDE/58 CHEN SHAO RUI , LOUISA.jpg]
[hmsgradshowcase.np.edu.sg/media/ECDE/59 CHEN XINYI, SHARMAINE.jpg]
[hmsgradshowcase.np.edu.sg/media/ECDE/60 CHEN YA LING JANELLE.jpg]
[hmsgradshowcase.np.edu.sg/media/ECDE/61 CHEONG WAI LUN.jpg]
[hmsgradshowcase.np.edu.sg/media/ECDE/62 CHEONG YU FEN FENNIE.jpg]
[hmsgradshowcase.np.edu.sg/media/ECDE/63 CHEW JIAJING, PHYLLIS.jpg]
[hmsgradshowcase.np.edu.sg/media/ECDE/64 CHEW KE ER, SHEILA.jpg]
[hmsgradshowcase.np.edu.sg/media/ECDE/65 CHIA MEI QI.jpg]
[hmsgradshowcase.np.edu.sg/media/ECDE/66 CHIAM KAI LIN.jpg]
[hmsgradshowcase.np.edu.sg/media/ECDE/67 CHIAM SHAN MEI CLAIRE.jpg]
[hmsgradshowcase.np.edu.sg/media/ECDE/68 CHIANG JIA YUN, JAMIE.jpg]
[hmsgradshowcase.np.edu.sg/media/ECDE/69 CHLOE TAY HWEE YEE.jpg]
[hmsgradshowcase.np.edu.sg/media/ECDE/70 CHLOE TOCK SIQI.jpg]
[hmsgradshowcase.np.edu.sg/media/ECDE/71 CHONG RUI ZHEN.jpg]
[hmsgradshowcase.np.edu.sg/media/ECDE/72 CHONG TING YUAN, GERALDINE.jpg]
[hmsgradshowcase.np.edu.sg/media/ECDE/73 CHONG ZHI XUAN, CHARMAINE.jpg]
[hmsgradshowcase.np.edu.sg/media/ECDE/74 CHOO JIA SHUEN, CHARMAINE.jpg]
[hmsgradshowcase.np.edu.sg/media/ECDE/75 CHOO XIN HUI, SHERYL.jpg]
[hmsgradshowcase.np.edu.sg/media/ECDE/76 CHRESTELLA VASYA BASUKI.jpg]
[hmsgradshowcase.np.edu.sg/media/ECDE/77 CHUA JIA LING.jpg]
[hmsgradshowcase.np.edu.sg/media/ECDE/78 CHUA JIAHUI JOY.jpg]
[hmsgradshowcase.np.edu.sg/media/ECDE/79 CHUA SHU TING.jpg]
[hmsgradshowcase.np.edu.sg/media/ECDE/80 CHUA TZE LER.jpg]
[hmsgradshowcase.np.edu.sg/media/ECDE/81 CHUA XI NING.jpg]
[hmsgradshowcase.np.edu.sg/media/ECDE/82 CHUAH SHI MING.jpg]
[hmsgradshowcase.np.edu.sg/media/ECDE/83 CLAIRABEL JANN ONG CI EN.jpg]
[hmsgradshowcase.np.edu.sg/media/ECDE/84 CLAIRE MAK XIN YU.jpg]
[hmsgradshowcase.np.edu.sg/media/ECDE/85 CLARICE CHING SHI YIN.jpg]
[hmsgradshowcase.np.edu.sg/media/ECDE/86 CLAUDIA LIM HAN YING.jpg]
[hmsgradshowcase.np.edu.sg/media/ECDE/87 DANEESHA RACHMAN.jpg]
[hmsgradshowcase.np.edu.sg/media/ECDE/88 DANISSA NAH XIAO TIAN.jpg]
[hmsgradshowcase.np.edu.sg/media/ECDE/89 DAPHNE YAP FEN LING.jpg]
[hmsgradshowcase.np.edu.sg/media/ECDE/90 DARILYN LEE ZHI YAN.jpg]
[hmsgradshowcase.np.edu.sg/media/ECDE/91 DE SILVA MICHELLE NADINE.jpg]
[hmsgradshowcase.np.edu.sg/media/ECDE/92 DEON LIM LI XUAN.jpg]
[hmsgradshowcase.np.edu.sg/media/ECDE/93 DINA DIYANA BTE MOHAMED AYOB.jpg]
[hmsgradshowcase.np.edu.sg/media/ECDE/94 DING YI LIN.jpg]
[hmsgradshowcase.np.edu.sg/media/ECDE/96 DWI SOFIANY BTE JUMADI.jpg]
[hmsgradshowcase.np.edu.sg/media/ECDE/97 ELISA TOH XING-YI.jpg]
[hmsgradshowcase.np.edu.sg/media/ECDE/98 ELKAN CHEW CHEN YAO.jpg]
[hmsgradshowcase.np.edu.sg/media/ECDE/99 ELVA NG SIYA.jpg]
[hmsgradshowcase.np.edu.sg/media/ECDE/100 EMMANUELLE SOH YU JIE.jpg]
[hmsgradshowcase.np.edu.sg/media/ECDE/101 ERENA AHALID HASMUNI.jpg]
[hmsgradshowcase.np.edu.sg/media/ECDE/103 ERIKA CHAN HUI WEN.jpg]
[hmsgradshowcase.np.edu.sg/media/ECDE/104 ERIN LIM CHEN YI.jpg]
[hmsgradshowcase.np.edu.sg/media/ECDE/105 ERYN HAIRANIE BTE HAIRMAN.jpg]
[hmsgradshowcase.np.edu.sg/media/ECDE/106 ESTHER CHAN JIA EN.jpg]
[hmsgradshowcase.np.edu.sg/media/ECDE/107 EUSTACIA OEI.jpg]
[hmsgradshowcase.np.edu.sg/media/ECDE/108 FADHLIN ATIQAH BTE MOHAMED F.jpg]
[hmsgradshowcase.np.edu.sg/media/ECDE/109 FAIRDELEEN NG YAN QING.jpg]
[hmsgradshowcase.np.edu.sg/media/ECDE/110 FARAH NURSYAFIQAH BTE JA'AFAR.jpg]
[hmsgradshowcase.np.edu.sg/media/ECDE/111 FARM RUI EN FERNANDA.jpg]
[hmsgradshowcase.np.edu.sg/media/ECDE/112 FATHIIN HASHIIFAH BTE JASNI.jpg]
[hmsgradshowcase.np.edu.sg/media/ECDE/113 FATIN AFIQAH BTE MOHAMED FAUZI.jpg]
[hmsgradshowcase.np.edu.sg/media/ECDE/114 FATIN NUWAIRAH BTE MOHAMAD R.jpg]
[hmsgradshowcase.np.edu.sg/media/ECDE/115 FELICIA GOH JIA XUAN.jpg]
[hmsgradshowcase.np.edu.sg/media/ECDE/116 FOONG XIN PING JASLYN.jpg]
[hmsgradshowcase.np.edu.sg/media/ECDE/117 G DIVASHINI.jpg]
[hmsgradshowcase.np.edu.sg/media/ECDE/118 GABRIEL TAN HSIEN ZEN.jpg]
[hmsgradshowcase.np.edu.sg/media/ECDE/119 GAN WEI YIN.jpg]
[hmsgradshowcase.np.edu.sg/media/ECDE/120 Gennie Goh.jpg]
[hmsgradshowcase.np.edu.sg/media/ECDE/121 GERMAINE LIM ZI HUI.jpg]
[hmsgradshowcase.np.edu.sg/media/ECDE/122 GIN CHONG MANYUN.jpg]
[hmsgradshowcase.np.edu.sg/media/ECDE/123 GOH FEI TAT.jpg]
[hmsgradshowcase.np.edu.sg/media/ECDE/124 GOH MEI HUI SERENA.jpg]
[hmsgradshowcase.np.edu.sg/media/ECDE/125 GOH SIMIN.jpg]
[hmsgradshowcase.np.edu.sg/media/ECDE/126 GOH SU HUEI, SARAH.jpg]
[hmsgradshowcase.np.edu.sg/media/ECDE/127 GOH WAN PING.jpg]
[hmsgradshowcase.np.edu.sg/media/ECDE/128 GOH YI XUAN.jpg]
[hmsgradshowcase.np.edu.sg/media/ECDE/129 GRACE TAY.jpg]
[hmsgradshowcase.np.edu.sg/media/ECDE/130 GWEN TOH WEN LIN.jpg]
[hmsgradshowcase.np.edu.sg/media/ECDE/131 HAH WEI LIN.jpg]
[hmsgradshowcase.np.edu.sg/media/ECDE/132 HAIDA UMMAIRA BTE ABDUL KADAR.jpg]
[hmsgradshowcase.np.edu.sg/media/ECDE/133 HAIFA NAZ.jpg]
[hmsgradshowcase.np.edu.sg/media/ECDE/134 HANA NATISHA BTE ROSLI.jpg]
[hmsgradshowcase.np.edu.sg/media/ECDE/135 HANIE ANISA BTE RAHMAT.jpg]
[hmsgradshowcase.np.edu.sg/media/ECDE/136 HANNAH DO AHMAD IBRAHIM.jpg]
[hmsgradshowcase.np.edu.sg/media/ECDE/137 HANNAH NADHIRAH BTE SAIFUL L.jpg]
[hmsgradshowcase.np.edu.sg/media/ECDE/138 HAZIRAH BINTE MOHD ALIAS.jpg]
[hmsgradshowcase.np.edu.sg/media/ECDE/139 HENG WAN TING, STEPHANIE.jpg]
[hmsgradshowcase.np.edu.sg/media/ECDE/140 HEW LING SUEN.jpg]
[hmsgradshowcase.np.edu.sg/media/ECDE/141 HIGHAR NISHA MOHAMED ALI.jpg]
[hmsgradshowcase.np.edu.sg/media/ECDE/142 HILLARY LEE YIN.jpg]
[hmsgradshowcase.np.edu.sg/media/ECDE/143 HOO YIN HUIN.jpg]
[hmsgradshowcase.np.edu.sg/media/ECDE/144 HUANG NINGJING.jpg]
[hmsgradshowcase.np.edu.sg/media/ECDE/145 HUI KAY SEE.jpg]
[hmsgradshowcase.np.edu.sg/media/ECDE/146 IFA NADIA BTE IRWAN.jpg]
[hmsgradshowcase.np.edu.sg/media/ECDE/147 INSYIRAH ZHUANG QIAN HUI BTE M.jpg]
[hmsgradshowcase.np.edu.sg/media/ECDE/148 ISABELLE SOH.jpg]
[hmsgradshowcase.np.edu.sg/media/ECDE/149 ISABELLE THUN YING YING.jpg]
[hmsgradshowcase.np.edu.sg/media/ECDE/150 ISHAMINA UZMA BTE MOHAMED R.jpg]
[hmsgradshowcase.np.edu.sg/media/ECDE/151 ISHBEL WARIFA DO MOHD IQBAL.jpg]
[hmsgradshowcase.np.edu.sg/media/ECDE/152 IVONNE TAN YAN QI.jpg]
[hmsgradshowcase.np.edu.sg/media/ECDE/153 IZZAH NAZURAH BTE MUHAMMAD NOR.jpg]
[hmsgradshowcase.np.edu.sg/media/ECDE/154 JACINDA MYRTLE DELOS SANTOS L.jpg]
[hmsgradshowcase.np.edu.sg/media/ECDE/155 JAMIE NG YIN XUAN.jpg]
[hmsgradshowcase.np.edu.sg/media/ECDE/156 JAN CLAUDIA SIM QING.jpg]
[hmsgradshowcase.np.edu.sg/media/ECDE/157 JANELLE CHAN YAN KEI.jpg]
[hmsgradshowcase.np.edu.sg/media/ECDE/158 JANELLE KOH CHIH CHING.jpg]
[hmsgradshowcase.np.edu.sg/media/ECDE/159 JANNA LIM SU YIN.jpg]
[hmsgradshowcase.np.edu.sg/media/ECDE/160 JARETT VASTIAN FERNANDEZ.jpg]
[hmsgradshowcase.np.edu.sg/media/ECDE/161 JARYL GOOI XIN ZONG.jpg]
[hmsgradshowcase.np.edu.sg/media/ECDE/162 JASLYN OH HUI YING.jpg]
[hmsgradshowcase.np.edu.sg/media/ECDE/163 JASPER LOO SHUE MING.jpg]
[hmsgradshowcase.np.edu.sg/media/ECDE/164 JEEVIKA DO KANAKASUNDARAM.jpg]
[hmsgradshowcase.np.edu.sg/media/ECDE/165 JERMIN MAI.jpg]
[hmsgradshowcase.np.edu.sg/media/ECDE/166 JEWEL LEE SHIN.jpg]
[hmsgradshowcase.np.edu.sg/media/ECDE/167 JIHAN FAHIRA BTE JASSURI.jpg]
[hmsgradshowcase.np.edu.sg/media/ECDE/168 JIHAN FAHIRAH BTE ROSAWI.jpg]
[hmsgradshowcase.np.edu.sg/media/ECDE/169 JOAN CHAN.jpg]
[hmsgradshowcase.np.edu.sg/media/ECDE/170 JOANNA CHUA SIN YEE.jpg]
[hmsgradshowcase.np.edu.sg/media/ECDE/171 JOCELYN YEOW JIA XUAN.jpg]
[hmsgradshowcase.np.edu.sg/media/ECDE/172 JOEY SAO JIA HUI.jpg]
[hmsgradshowcase.np.edu.sg/media/ECDE/173 JOHAN CHANDRA.jpg]
[hmsgradshowcase.np.edu.sg/media/ECDE/174 JOHNATHAN NG JIA WEI.jpg]
[hmsgradshowcase.np.edu.sg/media/ECDE/175 JOLENE ONG SHU TING.jpg]
[hmsgradshowcase.np.edu.sg/media/ECDE/176 JOLIE YEO.jpg]
[hmsgradshowcase.np.edu.sg/media/ECDE/177 JOLYN ONG JIA MIN.jpg]
[hmsgradshowcase.np.edu.sg/media/ECDE/178 JORENE YEO.jpg]
[hmsgradshowcase.np.edu.sg/media/ECDE/179 JOSEPH ANTONY RAJ AKSHAIYA RAJ.jpg]
[hmsgradshowcase.np.edu.sg/media/ECDE/180 JOSHUA ONG WEN KAI.jpg]
[hmsgradshowcase.np.edu.sg/media/ECDE/181 JULIEN CYAN DE LA CRUZ TUPAZ.jpg]
[hmsgradshowcase.np.edu.sg/media/ECDE/182 JURVIIN KAUR.jpg]
[hmsgradshowcase.np.edu.sg/media/ECDE/183 JUSTIN CHIA YUJUN.jpg]
[hmsgradshowcase.np.edu.sg/media/ECDE/184 KASTHURI MARJORIE DO KUMARASAMY.jpg]
[hmsgradshowcase.np.edu.sg/media/ECDE/185 KHO KAI WEN.jpg]
[hmsgradshowcase.np.edu.sg/media/ECDE/186 KHOO ANN YEE.jpg]
[hmsgradshowcase.np.edu.sg/media/ECDE/187 KHOO YE TING, JANANI.jpg]
[hmsgradshowcase.np.edu.sg/media/ECDE/188 KIRTHIKA DO SUKUMARAN.jpg]
[hmsgradshowcase.np.edu.sg/media/ECDE/189 KOEMI TAN YIN HSUEN.jpg]
[hmsgradshowcase.np.edu.sg/media/ECDE/190 KOH CHI ERN, RACHEL.jpg]
[hmsgradshowcase.np.edu.sg/media/ECDE/191 KOH JIA NING RINA.jpg]
[hmsgradshowcase.np.edu.sg/media/ECDE/192 KOH JING YI, JOELLE.jpg]
[hmsgradshowcase.np.edu.sg/media/ECDE/193 KOH MING WEI KEITH.jpg]
[hmsgradshowcase.np.edu.sg/media/ECDE/194 KOH ZHI YI, CLARICE.jpg]
[hmsgradshowcase.np.edu.sg/media/ECDE/195 KUAN XUE RUO, JOLENE.jpg]
[hmsgradshowcase.np.edu.sg/media/ECDE/196 KWONG YENG YENG, FIONA.jpg]
[hmsgradshowcase.np.edu.sg/media/ECDE/197 KYI KHAING KHAING KYAW.jpg]
[hmsgradshowcase.np.edu.sg/media/ECDE/199 L AARATHISRI.jpg]
[hmsgradshowcase.np.edu.sg/media/ECDE/200 LAU HUI EN.jpg]
[hmsgradshowcase.np.edu.sg/media/ECDE/201 LAU RENATE.jpg]
[hmsgradshowcase.np.edu.sg/media/ECDE/202 LAUREL LOW FONG LING.jpg]
[hmsgradshowcase.np.edu.sg/media/ECDE/203 LEE HSIN YUEH.jpg]
[hmsgradshowcase.np.edu.sg/media/ECDE/204 LEE HUI JILL.jpg]
[hmsgradshowcase.np.edu.sg/media/ECDE/205 LEE JAYNA.jpg]
[hmsgradshowcase.np.edu.sg/media/ECDE/206 LEE WEI QI.jpg]
[hmsgradshowcase.np.edu.sg/media/ECDE/207 LEE XUE NING.jpg]
[hmsgradshowcase.np.edu.sg/media/ECDE/208 LEE YING HUI.jpg]
[hmsgradshowcase.np.edu.sg/media/ECDE/209 LEE YUI WAN, VALENCIA.jpg]
[hmsgradshowcase.np.edu.sg/media/ECDE/210 LEE ZI LIN.jpg]
[hmsgradshowcase.np.edu.sg/media/ECDE/211 LEONG HUI XIN.jpg]
[hmsgradshowcase.np.edu.sg/media/ECDE/212 LEONG JIA YI CHERLYN.jpg]
[hmsgradshowcase.np.edu.sg/media/ECDE/213 LEONG YING EN, VERNIS.jpg]
[hmsgradshowcase.np.edu.sg/media/ECDE/214 LEONG ZI NING JOLIN.jpg]
[hmsgradshowcase.np.edu.sg/media/ECDE/215 LER YU QI JOLIN.jpg]
[hmsgradshowcase.np.edu.sg/media/ECDE/216 LESHANI DO SASIKANTHAN.jpg]
[hmsgradshowcase.np.edu.sg/media/ECDE/217 LIEW YEE TZIEN.jpg]
[hmsgradshowcase.np.edu.sg/media/ECDE/218 LIM JIA HUI.jpg]
[hmsgradshowcase.np.edu.sg/media/ECDE/219 LIM LE QI.jpg]
[hmsgradshowcase.np.edu.sg/media/ECDE/220 LIM MEI XUAN, REGINA.jpg]
[hmsgradshowcase.np.edu.sg/media/ECDE/221 LIM RUO YI, RACHEL.jpg]
[hmsgradshowcase.np.edu.sg/media/ECDE/222 LIM SHER EE.jpg]
[hmsgradshowcase.np.edu.sg/media/ECDE/223 LIM SU WEN, SHEYENNE.jpg]
[hmsgradshowcase.np.edu.sg/media/ECDE/224 LIM TONG EN.jpg]
[hmsgradshowcase.np.edu.sg/media/ECDE/225 LIM XIN NI.jpg]
[hmsgradshowcase.np.edu.sg/media/ECDE/226 LIM XIN YING.jpg]
[hmsgradshowcase.np.edu.sg/media/ECDE/227 LIM YAN LING.jpg]
[hmsgradshowcase.np.edu.sg/media/ECDE/228 LIM YUNKAI EFFIE.jpg]
[hmsgradshowcase.np.edu.sg/media/ECDE/229 LIM ZHI YU VALERIE.jpg]
[hmsgradshowcase.np.edu.sg/media/ECDE/230 LIM ZHIYU.jpg]
[hmsgradshowcase.np.edu.sg/media/ECDE/231 LIM ZHONG YANG.jpg]
[hmsgradshowcase.np.edu.sg/media/ECDE/232 LIM ZI XUAN KELLY.jpg]
[hmsgradshowcase.np.edu.sg/media/ECDE/233 LIN SI MIAN, JOELLE.jpg]
[hmsgradshowcase.np.edu.sg/media/ECDE/234 LINA MAISARAH BTE MOHAMED F.jpg]
[hmsgradshowcase.np.edu.sg/media/ECDE/235 LING JING TING CLAUDIA.jpg]
[hmsgradshowcase.np.edu.sg/media/ECDE/236 LISSANDRA SARANYA DO PANNIRSELVAM.jpg]
[hmsgradshowcase.np.edu.sg/media/ECDE/237 LIT JIA MIN.jpg]
[hmsgradshowcase.np.edu.sg/media/ECDE/238 LIYANA BATRISYIA BTE JAILANI.jpg]
[hmsgradshowcase.np.edu.sg/media/ECDE/239 LOH CHING YI.jpg]
[hmsgradshowcase.np.edu.sg/media/ECDE/240 LOH SOO LENG.jpg]
[hmsgradshowcase.np.edu.sg/media/ECDE/242 LUI JING WEN.jpg]
[hmsgradshowcase.np.edu.sg/media/ECDE/243 LUTFIAH INSYIRAH BTE M E.jpg]
[hmsgradshowcase.np.edu.sg/media/ECDE/245 MATILDE LAI.jpg]
[hmsgradshowcase.np.edu.sg/media/ECDE/246 MAVIS HENG SHITING.jpg]
[hmsgradshowcase.np.edu.sg/media/ECDE/247 MEGA NURJANNAH BTE KAMEL FAUZI.jpg]
[hmsgradshowcase.np.edu.sg/media/ECDE/248 MENG TIANQI.jpg]
[hmsgradshowcase.np.edu.sg/media/ECDE/249 MI RUOXIN.jpg]
[hmsgradshowcase.np.edu.sg/media/ECDE/250 MICHELLE CHIAN QIU FANG.jpg]
[hmsgradshowcase.np.edu.sg/media/ECDE/251 MICHELLE WONG JING YI.jpg]
[hmsgradshowcase.np.edu.sg/media/ECDE/252 MIKAELIA IRISA NG JIA MIN.jpg]
[hmsgradshowcase.np.edu.sg/media/ECDE/253 MING ZI EN ELEANA.jpg]
[hmsgradshowcase.np.edu.sg/media/ECDE/254 MOK CHOO YEE.jpg]
[hmsgradshowcase.np.edu.sg/media/ECDE/255 MOO SIN SI.jpg]
[hmsgradshowcase.np.edu.sg/media/ECDE/256 MUHAMMAD AQIL B AMRAN.jpg]
[hmsgradshowcase.np.edu.sg/media/ECDE/257 MUHAMMAD IMRAN BOO QI HAN.jpg]
[hmsgradshowcase.np.edu.sg/media/ECDE/258 MUHAMMAD IZZUL BIN TAHIR.jpg]
[hmsgradshowcase.np.edu.sg/media/ECDE/259 MUHAMMAD SHAKIR BIN ABDUL RAHMAN.jpg]
[hmsgradshowcase.np.edu.sg/media/ECDE/260 MUHAMMAD SYAHIR BIN MOHAMMED ALWI.jpg]
[hmsgradshowcase.np.edu.sg/media/ECDE/261 MUNEERA BINTE ABDUL LATHEEF.jpg]
[hmsgradshowcase.np.edu.sg/media/ECDE/262 MURNI 'AFIFAH BINTI JUNAIDI.jpg]
[hmsgradshowcase.np.edu.sg/media/ECDE/263 NABILA WELDANIE BTE ABDUL HAMID.jpg]
[hmsgradshowcase.np.edu.sg/media/ECDE/264 NABILAH BTE SANI.jpg]
[hmsgradshowcase.np.edu.sg/media/ECDE/265 NADIA FIRZANAH BINTE SAMSUDIN.jpg]
[hmsgradshowcase.np.edu.sg/media/ECDE/266 NADYA AQILAH SHAHRIN.jpg]
[hmsgradshowcase.np.edu.sg/media/ECDE/267 NADYA SHAKIRA BTE YUSLI.jpg]
[hmsgradshowcase.np.edu.sg/media/ECDE/268 NAH JUN.jpg]
[hmsgradshowcase.np.edu.sg/media/ECDE/269 NANDIKA DO MURUGA.jpg]
[hmsgradshowcase.np.edu.sg/media/ECDE/270 NASHA BTE MOHD FAUZI.jpg]
[hmsgradshowcase.np.edu.sg/media/ECDE/272 NATHALEEN TAN YI LIN.jpg]
[hmsgradshowcase.np.edu.sg/media/ECDE/273 NA'UFA NUWWAIRAH BTE MOHAMAD FAIZAL IBRAHIM.jpg]
[hmsgradshowcase.np.edu.sg/media/ECDE/274 NAYLI RAJINAH BTE RUDY KHAIRON.jpg]
[hmsgradshowcase.np.edu.sg/media/ECDE/275 NG HUI XIN.jpg]
[hmsgradshowcase.np.edu.sg/media/ECDE/276 NG JIA XUAN.jpg]
[hmsgradshowcase.np.edu.sg/media/ECDE/277 NG JING YUN PHYLIS.jpg]
[hmsgradshowcase.np.edu.sg/media/ECDE/278 NG KAI TENG CHERYL.jpg]
[hmsgradshowcase.np.edu.sg/media/ECDE/279 NG KAR XUAN.jpg]
[hmsgradshowcase.np.edu.sg/media/ECDE/280 NG LYNETTE.jpg]
[hmsgradshowcase.np.edu.sg/media/ECDE/281 NG QI LE.jpg]
[hmsgradshowcase.np.edu.sg/media/ECDE/282 NG SHI YI.jpg]
[hmsgradshowcase.np.edu.sg/media/ECDE/283 NG YU JIE.jpg]
[hmsgradshowcase.np.edu.sg/media/ECDE/284 NGOO ZU ER.jpg]
[hmsgradshowcase.np.edu.sg/media/ECDE/285 NICOLE LEE MIN JIA.jpg]
[hmsgradshowcase.np.edu.sg/media/ECDE/286 NIKKI AKIFFAH BTE KAMAL.jpg]
[hmsgradshowcase.np.edu.sg/media/ECDE/287 NOOR DINI ZAHIAH BTE KHAIRUZIN.jpg]
[hmsgradshowcase.np.edu.sg/media/ECDE/288 NOR ATHIRAH BTE ABU KASSIM.jpg]
[hmsgradshowcase.np.edu.sg/media/ECDE/289 NUR A'DILA BTE ISMAIL.jpg]
[hmsgradshowcase.np.edu.sg/media/ECDE/290 NUR ADLINA BTE ZURAIMI.jpg]
[hmsgradshowcase.np.edu.sg/media/ECDE/292 NUR ALIAH NADRAH BTE MOHD H.jpg]
[hmsgradshowcase.np.edu.sg/media/ECDE/293 NUR AMIRA AZWIN BTE MOHAMED A.jpg]
[hmsgradshowcase.np.edu.sg/media/ECDE/294 NUR AMIRAH AUNI BTE M M H.jpg]
[hmsgradshowcase.np.edu.sg/media/ECDE/295 NUR AMIRAH SYAFIQAH BTE M A.jpg]
[hmsgradshowcase.np.edu.sg/media/ECDE/296 NUR 'ATIQAH BTE JOHARI.jpg]
[hmsgradshowcase.np.edu.sg/media/ECDE/297 NUR DINI QISTINA BTE IMRAN.jpg]
[hmsgradshowcase.np.edu.sg/media/ECDE/298 NUR FAIZAH BTE MOHD JALIL.jpg]
[hmsgradshowcase.np.edu.sg/media/ECDE/299 NUR FARAH BTE AYUB.jpg]
[hmsgradshowcase.np.edu.sg/media/ECDE/300 NUR FATHIN SHAHIRAH BTE M I.jpg]
[hmsgradshowcase.np.edu.sg/media/ECDE/301 NUR HANINAH BINTI ABDOL RAHMAN.jpg]
[hmsgradshowcase.np.edu.sg/media/ECDE/302 NUR HAZIQAH BTE HASZREN.jpg]
[hmsgradshowcase.np.edu.sg/media/ECDE/303 NUR HIQMAH BTE ABU MANSOR.jpg]
[hmsgradshowcase.np.edu.sg/media/ECDE/304 NUR IFFAH MASTURINA BTE A J.jpg]
[hmsgradshowcase.np.edu.sg/media/ECDE/305 NUR IMAN B JAMIL.jpg]
[hmsgradshowcase.np.edu.sg/media/ECDE/306 NUR KHAIRAH BTE ZAMHARI.jpg]
[hmsgradshowcase.np.edu.sg/media/ECDE/307 NUR NAZIHAH BINTE MOHAMMED ROSELY.jpg]
[hmsgradshowcase.np.edu.sg/media/ECDE/308 NUR QYSYA BTE K YAZID.jpg]
[hmsgradshowcase.np.edu.sg/media/ECDE/309 NUR SABRINA BINTE ABDUL MALIK.jpg]
[hmsgradshowcase.np.edu.sg/media/ECDE/310 NUR SABRINA BINTE JURAIMI.jpg]
[hmsgradshowcase.np.edu.sg/media/ECDE/311 NUR SABRINA BTE ROSSLAN.jpg]
[hmsgradshowcase.np.edu.sg/media/ECDE/312 NUR SAMIIHAH BINTE MAZLAN.jpg]
[hmsgradshowcase.np.edu.sg/media/ECDE/315 NUR SILMY RAHEALA BTE N.jpg]
[hmsgradshowcase.np.edu.sg/media/ECDE/316 NUR SURIA BINTE AZMI.jpg]
[hmsgradshowcase.np.edu.sg/media/ECDE/317 NUR SYAFIQAH BTE AHMAD HOSAINI.jpg]
[hmsgradshowcase.np.edu.sg/media/ECDE/318 NUR SYAFIQAH BTE SUHAIZAN.jpg]
[hmsgradshowcase.np.edu.sg/media/ECDE/319 NUR SYARAFANA BINTE NORAZMAN.jpg]
[hmsgradshowcase.np.edu.sg/media/ECDE/320 NUR SYATHIRAH BTE SHA'RANI.jpg]
[hmsgradshowcase.np.edu.sg/media/ECDE/322 NUR ZULAIKHA BTE ZAINAL ABIDIN.jpg]
[hmsgradshowcase.np.edu.sg/media/ECDE/323 NURFARAHAIN BINTE MOHD ROSLI.jpg]
[hmsgradshowcase.np.edu.sg/media/ECDE/324 NURRAFIQAH BTE ABDUL MAJID M.jpg]
[hmsgradshowcase.np.edu.sg/media/ECDE/325 NURSYAKINNAH BTE MD JOHANI.jpg]
[hmsgradshowcase.np.edu.sg/media/ECDE/326 NURUL AINI BTE AHMAD.jpg]
[hmsgradshowcase.np.edu.sg/media/ECDE/327 NURUL ARDINAH BTE AMINNUDIN.jpg]
[hmsgradshowcase.np.edu.sg/media/ECDE/328 NURUL ATIKAH BTE JALIL.jpg]
[hmsgradshowcase.np.edu.sg/media/ECDE/329 NURUL ELFAH ASYIQIN BTE MAIDIN.jpg]
[hmsgradshowcase.np.edu.sg/media/ECDE/330 NURUL NADHIRAH BTE ZULKARNAIN.jpg]
[hmsgradshowcase.np.edu.sg/media/ECDE/332 NURUL SUFIAH BTE ABDUL HADI.jpg]
[hmsgradshowcase.np.edu.sg/media/ECDE/333 NURUL SYAFIRAH BINTE KATERMAN.jpg]
[hmsgradshowcase.np.edu.sg/media/ECDE/334 NURULAIN BTE ABDUL AIJES.jpg]
[hmsgradshowcase.np.edu.sg/media/ECDE/335 NUURIN MAISARAH BTE MUHAMMAD N.jpg]
[hmsgradshowcase.np.edu.sg/media/ECDE/336 OAKAR AUNG.jpg]
[hmsgradshowcase.np.edu.sg/media/ECDE/337 ONG LE MIN.jpg]
[hmsgradshowcase.np.edu.sg/media/ECDE/338 ONG LI QING.jpg]
[hmsgradshowcase.np.edu.sg/media/ECDE/339 ONG SIEN YUE.jpg]
[hmsgradshowcase.np.edu.sg/media/ECDE/340 ONG YI TING.jpg]
[hmsgradshowcase.np.edu.sg/media/ECDE/341 OOI WEN WEI JOEY.jpg]
[hmsgradshowcase.np.edu.sg/media/ECDE/342 PANG YU XIN ESTHER.jpg]
[hmsgradshowcase.np.edu.sg/media/ECDE/343 PANG YU XUAN.jpg]
[hmsgradshowcase.np.edu.sg/media/ECDE/344 PEGGY ONG PUAY KEE.jpg]
[hmsgradshowcase.np.edu.sg/media/ECDE/345 PEH JIA XUEN.jpg]
[hmsgradshowcase.np.edu.sg/media/ECDE/346 PEH JIA YU.jpg]
[hmsgradshowcase.np.edu.sg/media/ECDE/347 PEREIRA COLETTE DION.jpg]
[hmsgradshowcase.np.edu.sg/media/ECDE/348 PETRINA ONG HUI XIANG.jpg]
[hmsgradshowcase.np.edu.sg/media/ECDE/349 PHUA HUI QI.jpg]
[hmsgradshowcase.np.edu.sg/media/ECDE/350 PHUA LI XUAN JENCY.jpg]
[hmsgradshowcase.np.edu.sg/media/ECDE/351 POH KE WEN.jpg]
[hmsgradshowcase.np.edu.sg/media/ECDE/352 POON HUI YEE, ALEXIS.jpg]
[hmsgradshowcase.np.edu.sg/media/ECDE/353 POR SI HUAY.jpg]
[hmsgradshowcase.np.edu.sg/media/ECDE/354 PRISCILLA LIUM SI YAO.jpg]
[hmsgradshowcase.np.edu.sg/media/ECDE/355 PUAN JING WEN PEARLENE.jpg]
[hmsgradshowcase.np.edu.sg/media/ECDE/356 PUTRI ADELINA BTE ROSMAN.jpg]
[hmsgradshowcase.np.edu.sg/media/ECDE/357 QISTINA BTE MOHD SAID.jpg]
[hmsgradshowcase.np.edu.sg/media/ECDE/358 QISTINA BTE SOPHIAN.jpg]
[hmsgradshowcase.np.edu.sg/media/ECDE/359 QIU XINYANG.jpg]
[hmsgradshowcase.np.edu.sg/media/ECDE/360 RACHEL LYNN LEI WYNN.jpg]
[hmsgradshowcase.np.edu.sg/media/ECDE/361 RACHEL TAN XUE LI.jpg]
[hmsgradshowcase.np.edu.sg/media/ECDE/362 RACHEL TOH WEN XIN.jpg]
[hmsgradshowcase.np.edu.sg/media/ECDE/363 RAINE JOO JING YI.jpg]
[hmsgradshowcase.np.edu.sg/media/ECDE/364 RAISHA THAHSIN.jpg]
[hmsgradshowcase.np.edu.sg/media/ECDE/365 REVA LOKE HUIEN.jpg]
[hmsgradshowcase.np.edu.sg/media/ECDE/366 RICHELLE ONG YEE XUAN.jpg]
[hmsgradshowcase.np.edu.sg/media/ECDE/367 RIYANTI ARDINIE BTE ADNAN.jpg]
[hmsgradshowcase.np.edu.sg/media/ECDE/368 S KIRTHANA.jpg]
[hmsgradshowcase.np.edu.sg/media/ECDE/369 SAKTHI KUMAR SO KALAI CHALVAN.jpg]
[hmsgradshowcase.np.edu.sg/media/ECDE/370 SALCEDO MA LAUREN DOMINIQUE P.jpg]
[hmsgradshowcase.np.edu.sg/media/ECDE/371 SAM ZI KWAN.jpg]
[hmsgradshowcase.np.edu.sg/media/ECDE/372 SAMANTHA NGOH JIA YI.jpg]
[hmsgradshowcase.np.edu.sg/media/ECDE/373 SAMANTHA YOONG LI EN.jpg]
[hmsgradshowcase.np.edu.sg/media/ECDE/374 SARA CHER RUO XIN.jpg]
[hmsgradshowcase.np.edu.sg/media/ECDE/375 SARA KWOK QIAN TONG.jpg]
[hmsgradshowcase.np.edu.sg/media/ECDE/376 SARA WONG.jpg]
[hmsgradshowcase.np.edu.sg/media/ECDE/377 SARAH NADIYAH BTE NASARUDIN.jpg]
[hmsgradshowcase.np.edu.sg/media/ECDE/378 SARAH POH YUE EN.jpg]
[hmsgradshowcase.np.edu.sg/media/ECDE/379 SEMPIO ASHLEY JOY SAYO.jpg]
[hmsgradshowcase.np.edu.sg/media/ECDE/380 SERENA CHUA WEN QI.jpg]
[hmsgradshowcase.np.edu.sg/media/ECDE/381 SHAMYN BTE ABDUL RAHIM.jpg]
[hmsgradshowcase.np.edu.sg/media/ECDE/382 SHANA TEO EN QI.jpg]
[hmsgradshowcase.np.edu.sg/media/ECDE/384 SHANTHYA DO JASON SIVAKUMAR.jpg]
[hmsgradshowcase.np.edu.sg/media/ECDE/385 SHAQIR BIN AZNAN.jpg]
[hmsgradshowcase.np.edu.sg/media/ECDE/386 SHAYNE SEOW.jpg]
[hmsgradshowcase.np.edu.sg/media/ECDE/387 SHEIK NAWAR NASHITHA MOHAMED F.jpg]
[hmsgradshowcase.np.edu.sg/media/ECDE/388 SHEN XINYING.jpg]
[hmsgradshowcase.np.edu.sg/media/ECDE/389 SHERYL MICHELLE LEE HUI WEN.jpg]
[hmsgradshowcase.np.edu.sg/media/ECDE/390 SILVA KUMAR SO SEGAR.jpg]
[hmsgradshowcase.np.edu.sg/media/ECDE/391 SIM WEN JUN.jpg]
[hmsgradshowcase.np.edu.sg/media/ECDE/392 SIM YEE XUAN SHANNON.jpg]
[hmsgradshowcase.np.edu.sg/media/ECDE/393 SIM YUAN JEANN SARAH.jpg]
[hmsgradshowcase.np.edu.sg/media/ECDE/394 SIM YUN TING.jpg]
[hmsgradshowcase.np.edu.sg/media/ECDE/395 SITI AIDAH BTE ANDRY ERFANTO.jpg]
[hmsgradshowcase.np.edu.sg/media/ECDE/396 SITI KAMALIAH BTE NOR ARIFFIN.jpg]
[hmsgradshowcase.np.edu.sg/media/ECDE/397 SITI NUR SARAH BINTE ASHRI.jpg]
[hmsgradshowcase.np.edu.sg/media/ECDE/398 SITI NUR SARAH BTE AZMAN.jpg]
[hmsgradshowcase.np.edu.sg/media/ECDE/399 SITI NURUL AISYAH BTE MOHD A.jpg]
[hmsgradshowcase.np.edu.sg/media/ECDE/400 SITI NUSRAH BTE SAZALI.jpg]
[hmsgradshowcase.np.edu.sg/media/ECDE/401 SITI SALEHAH BTE KAMSANI.jpg]
[hmsgradshowcase.np.edu.sg/media/ECDE/402 SITI SARAH BTE MOHAMED ISKANDAR.jpg]
[hmsgradshowcase.np.edu.sg/media/ECDE/403 SITI SHAIRAH AYUNI BINTE MOHAMMAD SAINI.jpg]
[hmsgradshowcase.np.edu.sg/media/ECDE/405 SOANNIA RAJA KUMAR.jpg]
[hmsgradshowcase.np.edu.sg/media/ECDE/406 SOH EN QI ANNESTHA.jpg]
[hmsgradshowcase.np.edu.sg/media/ECDE/407 SOH LE XUAN.jpg]
[hmsgradshowcase.np.edu.sg/media/ECDE/408 SOON HUI XUAN.jpg]
[hmsgradshowcase.np.edu.sg/media/ECDE/409 SOW WEN YAN.jpg]
[hmsgradshowcase.np.edu.sg/media/ECDE/410 STEFANY CHEW HUI EN.jpg]
[hmsgradshowcase.np.edu.sg/media/ECDE/411 SUMAIA RAHMAN (URME).jpg]
[hmsgradshowcase.np.edu.sg/media/ECDE/412 SUMAYYAH BINTE ABDUL BASIT.jpg]
[hmsgradshowcase.np.edu.sg/media/ECDE/413 SYAHIRAH AFIQAH BTE TAUFEQ.jpg]
[hmsgradshowcase.np.edu.sg/media/ECDE/415 TAN HWEE TING, IVY.jpg]
[hmsgradshowcase.np.edu.sg/media/ECDE/416 TAN HWUI YEE.jpg]
[hmsgradshowcase.np.edu.sg/media/ECDE/417 TAN JIA HUI, ADELLA.jpg]
[hmsgradshowcase.np.edu.sg/media/ECDE/418 TAN JIA XIN.jpg]
[hmsgradshowcase.np.edu.sg/media/ECDE/419 TAN LI NING.jpg]
[hmsgradshowcase.np.edu.sg/media/ECDE/420 TAN MEI QI.jpg]
[hmsgradshowcase.np.edu.sg/media/ECDE/421 TAN MIN HUI DANA.jpg]
[hmsgradshowcase.np.edu.sg/media/ECDE/422 TAN PEI SHI RITA.jpg]
[hmsgradshowcase.np.edu.sg/media/ECDE/423 TAN QI XUAN.jpg]
[hmsgradshowcase.np.edu.sg/media/ECDE/424 TAN REYON.jpg]
[hmsgradshowcase.np.edu.sg/media/ECDE/425 TAN TING YU SHAINE.jpg]
[hmsgradshowcase.np.edu.sg/media/ECDE/426 TAN TSE WEI, WALTER.jpg]
[hmsgradshowcase.np.edu.sg/media/ECDE/427 TAN XIN WEI, KERINE.jpg]
[hmsgradshowcase.np.edu.sg/media/ECDE/428 TAN XIN YING, RICHELLE.jpg]
[hmsgradshowcase.np.edu.sg/media/ECDE/429 TAN XUAN RU VALERIE.jpg]
[hmsgradshowcase.np.edu.sg/media/ECDE/430 TAN YING XUAN.jpg]
[hmsgradshowcase.np.edu.sg/media/ECDE/431 TAN YIRU.jpg]
[hmsgradshowcase.np.edu.sg/media/ECDE/432 TAN YIXIN, TRICIA.jpg]
[hmsgradshowcase.np.edu.sg/media/ECDE/433 TAN YUAN FENG.jpg]
[hmsgradshowcase.np.edu.sg/media/ECDE/434 TAN ZHI RONG ASHLEY.jpg]
[hmsgradshowcase.np.edu.sg/media/ECDE/435 TAN ZI QI.jpg]
[hmsgradshowcase.np.edu.sg/media/ECDE/436 TANVI MANESH ZAVERI.jpg]
[hmsgradshowcase.np.edu.sg/media/ECDE/437 TAY CHYE LAN.jpg]
[hmsgradshowcase.np.edu.sg/media/ECDE/438 TAY HUI XIN.jpg]
[hmsgradshowcase.np.edu.sg/media/ECDE/440 TEH XIANG NING.jpg]
[hmsgradshowcase.np.edu.sg/media/ECDE/441 TEH YONG XIN.jpg]
[hmsgradshowcase.np.edu.sg/media/ECDE/442 TENG HOON GEK.jpg]
[hmsgradshowcase.np.edu.sg/media/ECDE/443 TEO JIE MIN, JERMAINE.jpg]
[hmsgradshowcase.np.edu.sg/media/ECDE/444 TEO JIN FANG GWYNETH.jpg]
[hmsgradshowcase.np.edu.sg/media/ECDE/445 TEO SUYI.jpg]
[hmsgradshowcase.np.edu.sg/media/ECDE/446 TEO YAN ZI, ANGELINE.jpg]
[hmsgradshowcase.np.edu.sg/media/ECDE/447 TEO YING TING CLARE.jpg]
[hmsgradshowcase.np.edu.sg/media/ECDE/448 TEO ZHI EN JANELLE.jpg]
[hmsgradshowcase.np.edu.sg/media/ECDE/449 TEO ZUO YI, ZOEY.jpg]
[hmsgradshowcase.np.edu.sg/media/ECDE/450 TEOH XI NING.jpg]
[hmsgradshowcase.np.edu.sg/media/ECDE/451 TESHINI DO VIJAYA KUMARAN.jpg]
[hmsgradshowcase.np.edu.sg/media/ECDE/452 THAM YAN KEI, AMANDA.jpg]
[hmsgradshowcase.np.edu.sg/media/ECDE/453 TIA QISTYNNA BTE ANDRI.jpg]
[hmsgradshowcase.np.edu.sg/media/ECDE/454 TOH ANN JIE.jpg]
[hmsgradshowcase.np.edu.sg/media/ECDE/456 TOH SUE ANNE.jpg]
[hmsgradshowcase.np.edu.sg/media/ECDE/457 TOH ZHI YING, SHINA.jpg]
[hmsgradshowcase.np.edu.sg/media/ECDE/458 TRINA LEE YING QING.jpg]
[hmsgradshowcase.np.edu.sg/media/ECDE/459 TYRONE LOO JIAN AN.jpg]
[hmsgradshowcase.np.edu.sg/media/ECDE/460 UMMUL FUADAH BTE RAMLI.jpg]
[hmsgradshowcase.np.edu.sg/media/ECDE/461 VENESSA NG ZI YU.jpg]
[hmsgradshowcase.np.edu.sg/media/ECDE/462 VERNICE CHIA LI ZHEN.jpg]
[hmsgradshowcase.np.edu.sg/media/ECDE/463 VON TEO ZI YI.jpg]
[hmsgradshowcase.np.edu.sg/media/ECDE/464 WANG SI YING.jpg]
[hmsgradshowcase.np.edu.sg/media/ECDE/465 WARDINA IJLAH BTE ZAINAL.jpg]
[hmsgradshowcase.np.edu.sg/media/ECDE/466 WEI LI YA.jpg]
[hmsgradshowcase.np.edu.sg/media/ECDE/467 WINNIE HO WAI KEI.jpg]
[hmsgradshowcase.np.edu.sg/media/ECDE/468 WONG EN XUAN, RANIS.jpg]
[hmsgradshowcase.np.edu.sg/media/ECDE/469 WONG FANG LING, KELLY.jpg]
[hmsgradshowcase.np.edu.sg/media/ECDE/470 WONG HOONG LIANG.jpg]
[hmsgradshowcase.np.edu.sg/media/ECDE/471 WONG HUI LING YVETTE.jpg]
[hmsgradshowcase.np.edu.sg/media/ECDE/473 WONG TIAN TIAN.jpg]
[hmsgradshowcase.np.edu.sg/media/ECDE/474 WONG XIN YI, LARYN.jpg]
[hmsgradshowcase.np.edu.sg/media/ECDE/475 WONG Y-ANN.jpg]
[hmsgradshowcase.np.edu.sg/media/ECDE/476 WONG YI WEN.jpg]
[hmsgradshowcase.np.edu.sg/media/ECDE/477 WONG ZI QING CELISSE.jpg]
[hmsgradshowcase.np.edu.sg/media/ECDE/478 WOON SI HUI, JOELYN.jpg]
[hmsgradshowcase.np.edu.sg/media/ECDE/479 YAP ENN HWEE, GWYNNE.jpg]
[hmsgradshowcase.np.edu.sg/media/ECDE/480 YAP LIN SUEN.jpg]
[hmsgradshowcase.np.edu.sg/media/ECDE/481 YAP TINGXUAN, DAPHNE.jpg]
[hmsgradshowcase.np.edu.sg/media/ECDE/482 YEE ZHI XUAN, MAEVE.jpg]
[hmsgradshowcase.np.edu.sg/media/ECDE/483 YEO CHEER IN GLENDA.jpg]
[hmsgradshowcase.np.edu.sg/media/ECDE/484 YEOH XING PENG.jpg]
[hmsgradshowcase.np.edu.sg/media/ECDE/485 YEOH YI FEI SANDREL.jpg]
[hmsgradshowcase.np.edu.sg/media/ECDE/486 YEW CHARMAINE.jpg]
[hmsgradshowcase.np.edu.sg/media/ECDE/487 YUKI ZHUO YINUO.jpg]
[hmsgradshowcase.np.edu.sg/media/ECDE/488 YUSMARNI BINTE MOHAMMAD HASNI.jpg]
[hmsgradshowcase.np.edu.sg/media/ECDE/489 ZIN MAR LATT @ IRDINA MUHAMMAD MEERA.jpg]
[hmsgradshowcase.np.edu.sg/early-childhood-development-and-education-graduates.html]
[hmsgradshowcase.np.edu.sg/media/TSE/1 Ansuyanayagi Ambigapathi Manivannan.jpg]
[hmsgradshowcase.np.edu.sg/media/TSE/2 Ashwini Thennarasu.jpg]
[hmsgradshowcase.np.edu.sg/media/TSE/3 Divya Anandi Vivakanandan.jpg]
[hmsgradshowcase.np.edu.sg/media/TSE/4 Farhaanah Afrin DO Syed Jahabar.jpg]
[hmsgradshowcase.np.edu.sg/media/TSE/5 Haja Kishvar Afrin.jpg]
[hmsgradshowcase.np.edu.sg/media/TSE/6 Harene DO Balasubramaniam.jpg]
[hmsgradshowcase.np.edu.sg/media/TSE/7 Irfaana Bte Guaza Sharif.jpg]
[hmsgradshowcase.np.edu.sg/media/TSE/8 Kassim Noorulameen Riyana H.jpg]
[hmsgradshowcase.np.edu.sg/media/TSE/9 Maaran SO Anbalagan.jpg]
[hmsgradshowcase.np.edu.sg/media/TSE/10 Maga DO Panchatcharam.jpg]
[hmsgradshowcase.np.edu.sg/media/TSE/11 Meenashre Sivakumar.jpg]
[hmsgradshowcase.np.edu.sg/media/TSE/12 Monica Prem Anand.jpg]
[hmsgradshowcase.np.edu.sg/media/TSE/13 Nishantha DO Kesavarajan.jpg]
[hmsgradshowcase.np.edu.sg/media/TSE/14 Nivetha DO Suntharavadivelu.jpg]
[hmsgradshowcase.np.edu.sg/media/TSE/15 Nur Insheerah Binte H Nazir A.jpg]
[hmsgradshowcase.np.edu.sg/media/TSE/16 Palani Selvam Kayalvizhi.jpg]
[hmsgradshowcase.np.edu.sg/media/TSE/17 Pavatharani DO Pannirselvam.jpg]
[hmsgradshowcase.np.edu.sg/media/TSE/18 Prakash Ezekiel Kumaran.jpg]
[hmsgradshowcase.np.edu.sg/media/TSE/19 Rajathomas Stroma Nesa Hepzibah.jpg]
[hmsgradshowcase.np.edu.sg/media/TSE/20 S Keerthana.jpg]
[hmsgradshowcase.np.edu.sg/media/TSE/21 Sabeen Sara DO Abdul Hakkim.jpg]
[hmsgradshowcase.np.edu.sg/media/TSE/22 Safana Safrin Abdul Jameel.jpg]
[hmsgradshowcase.np.edu.sg/media/TSE/23 Seerin Banu Bte Rahamathullah.jpg]
[hmsgradshowcase.np.edu.sg/media/TSE/24 Suuveshini DO Sureshwaran.jpg]
[hmsgradshowcase.np.edu.sg/media/TSE/25 Thangatheva SO Narayanasamy.jpg]
[hmsgradshowcase.np.edu.sg/tamil-studies-with-early-education-graduates.html]
[hmsgradshowcase.np.edu.sg/media/zipper.png]
[hmsgradshowcase.np.edu.sg/media/kar.jpg]
[hmsgradshowcase.np.edu.sg/media/Zipper Board 1.jpg]
[hmsgradshowcase.np.edu.sg/media/Zipper Board 2.jpg]
[hmsgradshowcase.np.edu.sg/media/Zipper Board 3.jpg]
[hmsgradshowcase.np.edu.sg/project/zipper-board-early-childhood-development-education.html]
[hmsgradshowcase.np.edu.sg/media/puppet_cover.png]
[hmsgradshowcase.np.edu.sg/media/189 KOEMI TAN YIN HSUEN.jpg]
[hmsgradshowcase.np.edu.sg/media/Puppet Show Box 1.jpg]
[hmsgradshowcase.np.edu.sg/media/Puppet Show Box 2.jpg]
[hmsgradshowcase.np.edu.sg/media/Puppet Show Box 3.jpg]
[hmsgradshowcase.np.edu.sg/media/Puppet Show Box 4.jpg]
[hmsgradshowcase.np.edu.sg/project/puppet-show-box-early-childhood-development-education.html]
[hmsgradshowcase.np.edu.sg/media/Sungei Buloh Guessing Game 1.jpg]
[hmsgradshowcase.np.edu.sg/media/joy.jpg]
[hmsgradshowcase.np.edu.sg/media/Sungei Buloh Guessing Game 2.jpg]
[hmsgradshowcase.np.edu.sg/media/Sungei Buloh Guessing Game 3.jpg]
[hmsgradshowcase.np.edu.sg/media/Sungei Buloh Guessing Game 4.jpg]
[hmsgradshowcase.np.edu.sg/media/Sungei Buloh Guessing Game 5.jpg]
[hmsgradshowcase.np.edu.sg/project/sungei-buloh-guessing-game.html]
[hmsgradshowcase.np.edu.sg/media/E-book 3cov.jpg]
[hmsgradshowcase.np.edu.sg/media/nadya.jpg]
[hmsgradshowcase.np.edu.sg/media/E-book 2.jpg]
[hmsgradshowcase.np.edu.sg/media/E-book 3.jpg]
[hmsgradshowcase.np.edu.sg/project/ebook-ecde.html]
[hmsgradshowcase.np.edu.sg/media/Mystery Box_cov.jpg]
[hmsgradshowcase.np.edu.sg/media/nivetha.jpg]
[hmsgradshowcase.np.edu.sg/media/Mystery Box 1.jpg]
[hmsgradshowcase.np.edu.sg/media/Mystery Box 2.jpg]
[hmsgradshowcase.np.edu.sg/media/Mystery Box 3.jpg]
[hmsgradshowcase.np.edu.sg/project/mystery-box-tamil-studies-with-early-education.html]
[hmsgradshowcase.np.edu.sg/media/Snakes & Ladders 1 copy.jpg]
[hmsgradshowcase.np.edu.sg/media/maaran.jpg]
[hmsgradshowcase.np.edu.sg/media/Snakes & Ladders 1.jpg]
[hmsgradshowcase.np.edu.sg/media/Snakes & Ladders 2.jpg]
[hmsgradshowcase.np.edu.sg/project/snakes-ladders-tamil-studies-with-early-education.html]
[hmsgradshowcase.np.edu.sg/media/Pull and Play_cov.jpg]
[hmsgradshowcase.np.edu.sg/media/kayalviz.jpg]
[hmsgradshowcase.np.edu.sg/media/Pull and Play 1.jpg]
[hmsgradshowcase.np.edu.sg/media/Pull and Play 2.jpg]
[hmsgradshowcase.np.edu.sg/media/Pull and Play 3.jpg]
[hmsgradshowcase.np.edu.sg/media/Pull and Play 4.jpg]
[hmsgradshowcase.np.edu.sg/project/pull-and-play-tamil-studies-with-early-education.html]
[hmsgradshowcase.np.edu.sg/media/Bowling Game 2.jpg]
[hmsgradshowcase.np.edu.sg/media/6 HARENE DO BALASUBRAMANIAM.jpg]
[hmsgradshowcase.np.edu.sg/media/Bowling Game 1.jpg]
[hmsgradshowcase.np.edu.sg/media/Bowling Game 3.jpg]
[hmsgradshowcase.np.edu.sg/media/Bowling Game 4.jpg]
[hmsgradshowcase.np.edu.sg/media/Bowling Game 5.jpg]
[hmsgradshowcase.np.edu.sg/project/bowling-game-tamil-studies-with-early-education.html]
[hmsgradshowcase.np.edu.sg/media/PCS/1 Abigail Lee Tze Ying.jpg]
[hmsgradshowcase.np.edu.sg/media/PCS/2 Ainul Sariyah Bte Ab Latif.jpg]
[hmsgradshowcase.np.edu.sg/media/PCS/3 Alden Andrew.jpg]
[hmsgradshowcase.np.edu.sg/media/PCS/4 Allister Reuben Quek Junsean.jpg]
[hmsgradshowcase.np.edu.sg/media/PCS/5 Ally Tan Zi Xi.jpg]
[hmsgradshowcase.np.edu.sg/media/PCS/6 Amber Tan.jpg]
[hmsgradshowcase.np.edu.sg/media/PCS/7 Belinda Sng Qi Rong.jpg]
[hmsgradshowcase.np.edu.sg/media/PCS/9 Chua Elaine.jpg]
[hmsgradshowcase.np.edu.sg/media/PCS/10 Clarissa Tan Pei Ying.jpg]
[hmsgradshowcase.np.edu.sg/media/PCS/11 Cleo Choo Hui.jpg]
[hmsgradshowcase.np.edu.sg/media/PCS/13 Elizabeth Wong Yu Jin.jpg]
[hmsgradshowcase.np.edu.sg/media/PCS/14 Fong Leanne.jpg]
[hmsgradshowcase.np.edu.sg/media/PCS/15 Gwee Rong Xuan.jpg]
[hmsgradshowcase.np.edu.sg/media/PCS/16 Hong Yashuang.jpg]
[hmsgradshowcase.np.edu.sg/media/PCS/17 Hung Jing Wen.jpg]
[hmsgradshowcase.np.edu.sg/media/PCS/18 Isabelle Woon Yuxi.jpg]
[hmsgradshowcase.np.edu.sg/media/PCS/19 Jana Alyssa Pang En Mei.jpg]
[hmsgradshowcase.np.edu.sg/media/PCS/20 John Ang.jpg]
[hmsgradshowcase.np.edu.sg/media/PCS/21 Kellie Lum.jpg]
[hmsgradshowcase.np.edu.sg/media/PCS/22 Lee-Ng Tjun, Killian Raphael.jpg]
[hmsgradshowcase.np.edu.sg/media/PCS/23 Lim Jia Ci.jpg]
[hmsgradshowcase.np.edu.sg/media/PCS/24 Loh Yi Fei.jpg]
[hmsgradshowcase.np.edu.sg/media/PCS/25 Melissa Ann Alvarez.jpg]
[hmsgradshowcase.np.edu.sg/media/PCS/26 Muhammad Hafiy B Haronnarashid.jpg]
[hmsgradshowcase.np.edu.sg/media/PCS/27 Myat Noe Naing.jpg]
[hmsgradshowcase.np.edu.sg/media/PCS/28 Natalie Tiong Jeng Leng.jpg]
[hmsgradshowcase.np.edu.sg/media/PCS/29 Neville Paul Therattil.jpg]
[hmsgradshowcase.np.edu.sg/media/PCS/30 Ng Pei Sun.jpg]
[hmsgradshowcase.np.edu.sg/media/PCS/31 Ng Shuwei, Jasmine.jpg]
[hmsgradshowcase.np.edu.sg/media/PCS/33 Nur Lhadina Bte Jefri.jpg]
[hmsgradshowcase.np.edu.sg/media/PCS/34 Nur Zulaiha Bte Zainal.jpg]
[hmsgradshowcase.np.edu.sg/media/PCS/35 Ong Xin Ting, Celestyn.jpg]
[hmsgradshowcase.np.edu.sg/media/PCS/36 Ong Yu Li, Avner.jpg]
[hmsgradshowcase.np.edu.sg/media/PCS/37 Shirin Qistina Bte Mohamad M.jpg]
[hmsgradshowcase.np.edu.sg/media/PCS/38 Soh Su Qi.jpg]
[hmsgradshowcase.np.edu.sg/media/PCS/39 Tan Jia An, Valerie.jpg]
[hmsgradshowcase.np.edu.sg/media/PCS/40 Tan Seow Aik.jpg]
[hmsgradshowcase.np.edu.sg/media/PCS/41 Tan Yan Zi.jpg]
[hmsgradshowcase.np.edu.sg/media/PCS/42 Vivian Tan Swee Teng.jpg]
[hmsgradshowcase.np.edu.sg/media/PCS/43 Wong Chan Yu, Jordan.jpg]
[hmsgradshowcase.np.edu.sg/media/PCS/44 Yasmeen Kam Nai Xin.jpg]
[hmsgradshowcase.np.edu.sg/psychology-studies-graduates.html]
[hmsgradshowcase.np.edu.sg/media/money-cover.png]
[hmsgradshowcase.np.edu.sg/media/gwee.jpg]
[hmsgradshowcase.np.edu.sg/media/WhatsApp Image 2022-05-05 at 9.16.10 AM (1).jpg]
[hmsgradshowcase.np.edu.sg/media/WhatsApp Image 2022-05-05 at 9.16.10 AM.jpg]
[hmsgradshowcase.np.edu.sg/media/WhatsApp Image 2022-05-05 at 9.16.10 AM (3).jpg]
[hmsgradshowcase.np.edu.sg/media/WhatsApp Image 2022-05-05 at 9.16.10 AM (2).jpg]
[hmsgradshowcase.np.edu.sg/media/WhatsApp Image 2022-05-05 at 9.16.09 AM (2).jpg]
[hmsgradshowcase.np.edu.sg/media/WhatsApp Image 2022-05-05 at 9.16.09 AM (1).jpg]
[hmsgradshowcase.np.edu.sg/media/WhatsApp Image 2022-05-05 at 9.16.08 AM.jpg]
[hmsgradshowcase.np.edu.sg/media/WhatsApp Image 2022-05-05 at 9.16.09 AM.jpg]
[hmsgradshowcase.np.edu.sg/project/money-matters-a-money-skills-programme.html]
[hmsgradshowcase.np.edu.sg/media/loneliness2.png]
[hmsgradshowcase.np.edu.sg/media/vivian.jpg]
[hmsgradshowcase.np.edu.sg/media/Picture1.png]
[hmsgradshowcase.np.edu.sg/project/research-project-loneliness-in-elderly.html]
[hmsgradshowcase.np.edu.sg/media/cancer.jpg]
[hmsgradshowcase.np.edu.sg/media/cleo.jpg]
[hmsgradshowcase.np.edu.sg/media/cancer-survivor.jpg]
[hmsgradshowcase.np.edu.sg/media/Resource Website 2.png]
[hmsgradshowcase.np.edu.sg/media/Resource Website 3.png]
[hmsgradshowcase.np.edu.sg/project/resource-website-for-parents-of-childhood-cancer-survivors.html]
[hmsgradshowcase.np.edu.sg/media/angermgmt.png]
[hmsgradshowcase.np.edu.sg/media/amber.jpg]
[hmsgradshowcase.np.edu.sg/media/Anger Management Resource Book 1.jpg]
[hmsgradshowcase.np.edu.sg/media/Anger Management Resource Book 2.jpg]
[hmsgradshowcase.np.edu.sg/media/Anger Management Resource Book 3.jpg]
[hmsgradshowcase.np.edu.sg/project/anger-management-resource-book.html]
[hmsgradshowcase.np.edu.sg/media/hms_sf.png]
[hmsgradshowcase.np.edu.sg/media/Photo (Vanessa).jpg]
[hmsgradshowcase.np.edu.sg/media/gawy.jpg]
[hmsgradshowcase.np.edu.sg/media/chang.jpg]
[hmsgradshowcase.np.edu.sg/media/chen.jpg]
[hmsgradshowcase.np.edu.sg/media/goh.jpg]
[hmsgradshowcase.np.edu.sg/media/Koh Shi Jing Nicolette.jpg]
[hmsgradshowcase.np.edu.sg/media/averii.jpg]
[hmsgradshowcase.np.edu.sg/media/lim2.jpg]
[hmsgradshowcase.np.edu.sg/media/nicolechan.jpg]
[hmsgradshowcase.np.edu.sg/media/madhu.jpg]
[hmsgradshowcase.np.edu.sg/project/np-supportify.html]
[hmsgradshowcase.np.edu.sg/media/hms_mine-becomes-yours.png]
[hmsgradshowcase.np.edu.sg/media/valeria.jpg]
[hmsgradshowcase.np.edu.sg/media/Chloe Ng.jpg]
[hmsgradshowcase.np.edu.sg/media/cheryl.jpg]
[hmsgradshowcase.np.edu.sg/media/Mine Becomes Yours 1.jpg]
[hmsgradshowcase.np.edu.sg/media/Mine Becomes Yours 2.jpg]
[hmsgradshowcase.np.edu.sg/project/mine-becomes-yours.html]
[hmsgradshowcase.np.edu.sg/media/Téte-a-Tech 1 copy.png]
[hmsgradshowcase.np.edu.sg/media/jamie-leo.jpg]
[hmsgradshowcase.np.edu.sg/media/venus-ong.jpg]
[hmsgradshowcase.np.edu.sg/media/glenna.jpg]
[hmsgradshowcase.np.edu.sg/media/phui.jpg]
[hmsgradshowcase.np.edu.sg/media/chua.jpg]
[hmsgradshowcase.np.edu.sg/media/sara.jpg]
[hmsgradshowcase.np.edu.sg/media/joelle.jpg]
[hmsgradshowcase.np.edu.sg/media/Téte-a-Tech 1.png]
[hmsgradshowcase.np.edu.sg/media/With You 1.jpg]
[hmsgradshowcase.np.edu.sg/project/with-you-tete-a-tech.html]
[hmsgradshowcase.np.edu.sg/media/Anziano Cura 1 copy.jpg]
[hmsgradshowcase.np.edu.sg/media/arish.jpg]
[hmsgradshowcase.np.edu.sg/media/tay.jpg]
[hmsgradshowcase.np.edu.sg/media/Anziano Cura 1.jpg]
[hmsgradshowcase.np.edu.sg/project/anziano-cura.html]
[hmsgradshowcase.np.edu.sg/media/ABM/default_image.svg]
[hmsgradshowcase.np.edu.sg/media/BZSE/default_image.svg]
[hmsgradshowcase.np.edu.sg/media/CHS/default_image.svg]
[hmsgradshowcase.np.edu.sg/media/default_image.svg]
[hmsgradshowcase.np.edu.sg/media/ECDE/default_image.svg]
[hmsgradshowcase.np.edu.sg/media/PCS/default_image.svg]
